Archive member included to satisfy reference by file (symbol)

d:/program files (x86)/gnu arm embedded toolchain/10 2021.10/bin/../lib/gcc/arm-none-eabi/10.3.1/thumb/v7-m/nofp\libgcc.a(_arm_muldf3.o)
                              CMakeFiles/CLionSTM32Demo.elf.dir/Hardware/src/DS18B20.c.obj (__aeabi_dmul)
d:/program files (x86)/gnu arm embedded toolchain/10 2021.10/bin/../lib/gcc/arm-none-eabi/10.3.1/thumb/v7-m/nofp\libgcc.a(_arm_addsubdf3.o)
                              CMakeFiles/CLionSTM32Demo.elf.dir/Hardware/src/DS18B20.c.obj (__aeabi_i2d)
d:/program files (x86)/gnu arm embedded toolchain/10 2021.10/bin/../lib/gcc/arm-none-eabi/10.3.1/thumb/v7-m/nofp\libgcc.a(_arm_truncdfsf2.o)
                              CMakeFiles/CLionSTM32Demo.elf.dir/Hardware/src/DS18B20.c.obj (__aeabi_d2f)
d:/program files (x86)/gnu arm embedded toolchain/10 2021.10/bin/../lib/gcc/arm-none-eabi/10.3.1/thumb/v7-m/nofp\libgcc.a(_arm_fixunssfsi.o)
                              CMakeFiles/CLionSTM32Demo.elf.dir/User/src/HomePage.c.obj (__aeabi_f2uiz)
d:/program files (x86)/gnu arm embedded toolchain/10 2021.10/bin/../lib/gcc/arm-none-eabi/10.3.1/../../../../arm-none-eabi/lib/thumb/v7-m/nofp\libg_nano.a(lib_a-exit.o)
                              d:/program files (x86)/gnu arm embedded toolchain/10 2021.10/bin/../lib/gcc/arm-none-eabi/10.3.1/../../../../arm-none-eabi/lib/thumb/v7-m/nofp/crt0.o (exit)
d:/program files (x86)/gnu arm embedded toolchain/10 2021.10/bin/../lib/gcc/arm-none-eabi/10.3.1/../../../../arm-none-eabi/lib/thumb/v7-m/nofp\libg_nano.a(lib_a-impure.o)
                              d:/program files (x86)/gnu arm embedded toolchain/10 2021.10/bin/../lib/gcc/arm-none-eabi/10.3.1/../../../../arm-none-eabi/lib/thumb/v7-m/nofp\libg_nano.a(lib_a-exit.o) (_global_impure_ptr)
d:/program files (x86)/gnu arm embedded toolchain/10 2021.10/bin/../lib/gcc/arm-none-eabi/10.3.1/../../../../arm-none-eabi/lib/thumb/v7-m/nofp\libg_nano.a(lib_a-init.o)
                              d:/program files (x86)/gnu arm embedded toolchain/10 2021.10/bin/../lib/gcc/arm-none-eabi/10.3.1/../../../../arm-none-eabi/lib/thumb/v7-m/nofp/crt0.o (__libc_init_array)
d:/program files (x86)/gnu arm embedded toolchain/10 2021.10/bin/../lib/gcc/arm-none-eabi/10.3.1/../../../../arm-none-eabi/lib/thumb/v7-m/nofp\libg_nano.a(lib_a-memset.o)
                              d:/program files (x86)/gnu arm embedded toolchain/10 2021.10/bin/../lib/gcc/arm-none-eabi/10.3.1/../../../../arm-none-eabi/lib/thumb/v7-m/nofp/crt0.o (memset)
d:/program files (x86)/gnu arm embedded toolchain/10 2021.10/bin/../lib/gcc/arm-none-eabi/10.3.1/../../../../arm-none-eabi/lib/thumb/v7-m/nofp\libg_nano.a(lib_a-nano-vfprintf_float.o)
                              (_printf_float)
d:/program files (x86)/gnu arm embedded toolchain/10 2021.10/bin/../lib/gcc/arm-none-eabi/10.3.1/../../../../arm-none-eabi/lib/thumb/v7-m/nofp\libg_nano.a(lib_a-nano-vfprintf_i.o)
                              d:/program files (x86)/gnu arm embedded toolchain/10 2021.10/bin/../lib/gcc/arm-none-eabi/10.3.1/../../../../arm-none-eabi/lib/thumb/v7-m/nofp\libg_nano.a(lib_a-nano-vfprintf_float.o) (_printf_common)
d:/program files (x86)/gnu arm embedded toolchain/10 2021.10/bin/../lib/gcc/arm-none-eabi/10.3.1/../../../../arm-none-eabi/lib/thumb/v7-m/nofp\libg_nano.a(lib_a-sprintf.o)
                              CMakeFiles/CLionSTM32Demo.elf.dir/User/src/HomePage.c.obj (sprintf)
d:/program files (x86)/gnu arm embedded toolchain/10 2021.10/bin/../lib/gcc/arm-none-eabi/10.3.1/../../../../arm-none-eabi/lib/thumb/v7-m/nofp\libg_nano.a(lib_a-strlen.o)
                              CMakeFiles/CLionSTM32Demo.elf.dir/Hardware/src/SSD1306_Fonts.c.obj (strlen)
d:/program files (x86)/gnu arm embedded toolchain/10 2021.10/bin/../lib/gcc/arm-none-eabi/10.3.1/../../../../arm-none-eabi/lib/thumb/v7-m/nofp\libg_nano.a(lib_a-vsprintf.o)
                              CMakeFiles/CLionSTM32Demo.elf.dir/Hardware/src/Serial.c.obj (vsprintf)
d:/program files (x86)/gnu arm embedded toolchain/10 2021.10/bin/../lib/gcc/arm-none-eabi/10.3.1/../../../../arm-none-eabi/lib/thumb/v7-m/nofp\libg_nano.a(lib_a-dtoa.o)
                              d:/program files (x86)/gnu arm embedded toolchain/10 2021.10/bin/../lib/gcc/arm-none-eabi/10.3.1/../../../../arm-none-eabi/lib/thumb/v7-m/nofp\libg_nano.a(lib_a-nano-vfprintf_float.o) (_dtoa_r)
d:/program files (x86)/gnu arm embedded toolchain/10 2021.10/bin/../lib/gcc/arm-none-eabi/10.3.1/../../../../arm-none-eabi/lib/thumb/v7-m/nofp\libg_nano.a(lib_a-localeconv.o)
                              d:/program files (x86)/gnu arm embedded toolchain/10 2021.10/bin/../lib/gcc/arm-none-eabi/10.3.1/../../../../arm-none-eabi/lib/thumb/v7-m/nofp\libg_nano.a(lib_a-nano-vfprintf_float.o) (_localeconv_r)
d:/program files (x86)/gnu arm embedded toolchain/10 2021.10/bin/../lib/gcc/arm-none-eabi/10.3.1/../../../../arm-none-eabi/lib/thumb/v7-m/nofp\libg_nano.a(lib_a-malloc.o)
[...]
Memory Configuration

Name             Origin             Length             Attributes
RAM              0x20000000         0x00005000         xrw
FLASH            0x08000000         0x00010000         xr
*default*        0x00000000         0xffffffff

Linker script and memory map

LOAD d:/program files (x86)/gnu arm embedded toolchain/10 2021.10/bin/../lib/gcc/arm-none-eabi/10.3.1/thumb/v7-m/nofp/crti.o
LOAD d:/program files (x86)/gnu arm embedded toolchain/10 2021.10/bin/../lib/gcc/arm-none-eabi/10.3.1/thumb/v7-m/nofp/crtbegin.o
LOAD d:/program files (x86)/gnu arm embedded toolchain/10 2021.10/bin/../lib/gcc/arm-none-eabi/10.3.1/../../../../arm-none-eabi/lib/thumb/v7-m/nofp/crt0.o
LOAD CMakeFiles/CLionSTM32Demo.elf.dir/Hardware/src/DS1302.c.obj
LOAD CMakeFiles/CLionSTM32Demo.elf.dir/Hardware/src/DS18B20.c.obj
LOAD CMakeFiles/CLionSTM32Demo.elf.dir/Hardware/src/Key.c.obj
LOAD CMakeFiles/CLionSTM32Demo.elf.dir/Hardware/src/SSD1306.c.obj
LOAD CMakeFiles/CLionSTM32Demo.elf.dir/Hardware/src/SSD1306_Fonts.c.obj
LOAD CMakeFiles/CLionSTM32Demo.elf.dir/Hardware/src/Serial.c.obj
LOAD CMakeFiles/CLionSTM32Demo.elf.dir/STM32F10x_FWLib/src/core_cm3.c.obj
LOAD CMakeFiles/CLionSTM32Demo.elf.dir/STM32F10x_FWLib/src/misc.c.obj
LOAD CMakeFiles/CLionSTM32Demo.elf.dir/STM32F10x_FWLib/src/stm32f10x_adc.c.obj
LOAD CMakeFiles/CLionSTM32Demo.elf.dir/STM32F10x_FWLib/src/stm32f10x_bkp.c.obj
LOAD CMakeFiles/CLionSTM32Demo.elf.dir/STM32F10x_FWLib/src/stm32f10x_can.c.obj
LOAD CMakeFiles/CLionSTM32Demo.elf.dir/STM32F10x_FWLib/src/stm32f10x_cec.c.obj
LOAD CMakeFiles/CLionSTM32Demo.elf.dir/STM32F10x_FWLib/src/stm32f10x_crc.c.obj
LOAD CMakeFiles/CLionSTM32Demo.elf.dir/STM32F10x_FWLib/src/stm32f10x_dac.c.obj
LOAD CMakeFiles/CLionSTM32Demo.elf.dir/STM32F10x_FWLib/src/stm32f10x_dbgmcu.c.obj
LOAD CMakeFiles/CLionSTM32Demo.elf.dir/STM32F10x_FWLib/src/stm32f10x_dma.c.obj
LOAD CMakeFiles/CLionSTM32Demo.elf.dir/STM32F10x_FWLib/src/stm32f10x_exti.c.obj
LOAD CMakeFiles/CLionSTM32Demo.elf.dir/STM32F10x_FWLib/src/stm32f10x_flash.c.obj
LOAD CMakeFiles/CLionSTM32Demo.elf.dir/STM32F10x_FWLib/src/stm32f10x_fsmc.c.obj
LOAD CMakeFiles/CLionSTM32Demo.elf.dir/STM32F10x_FWLib/src/stm32f10x_gpio.c.obj
LOAD CMakeFiles/CLionSTM32Demo.elf.dir/STM32F10x_FWLib/src/stm32f10x_i2c.c.obj
LOAD CMakeFiles/CLionSTM32Demo.elf.dir/STM32F10x_FWLib/src/stm32f10x_iwdg.c.obj
LOAD CMakeFiles/CLionSTM32Demo.elf.dir/STM32F10x_FWLib/src/stm32f10x_pwr.c.obj
LOAD CMakeFiles/CLionSTM32Demo.elf.dir/STM32F10x_FWLib/src/stm32f10x_rcc.c.obj
LOAD CMakeFiles/CLionSTM32Demo.elf.dir/STM32F10x_FWLib/src/stm32f10x_rtc.c.obj
LOAD CMakeFiles/CLionSTM32Demo.elf.dir/STM32F10x_FWLib/src/stm32f10x_sdio.c.obj
LOAD CMakeFiles/CLionSTM32Demo.elf.dir/STM32F10x_FWLib/src/stm32f10x_spi.c.obj
LOAD CMakeFiles/CLionSTM32Demo.elf.dir/STM32F10x_FWLib/src/stm32f10x_tim.c.obj
LOAD CMakeFiles/CLionSTM32Demo.elf.dir/STM32F10x_FWLib/src/stm32f10x_usart.c.obj
LOAD CMakeFiles/CLionSTM32Demo.elf.dir/STM32F10x_FWLib/src/stm32f10x_wwdg.c.obj
LOAD CMakeFiles/CLionSTM32Demo.elf.dir/STM32F10x_FWLib/src/system_stm32f10x.c.obj
LOAD CMakeFiles/CLionSTM32Demo.elf.dir/System/src/Delay.c.obj
LOAD CMakeFiles/CLionSTM32Demo.elf.dir/System/src/Timer2.c.obj
LOAD CMakeFiles/CLionSTM32Demo.elf.dir/User/src/Clock.c.obj
LOAD CMakeFiles/CLionSTM32Demo.elf.dir/User/src/HomePage.c.obj
LOAD CMakeFiles/CLionSTM32Demo.elf.dir/User/src/Voice.c.obj
LOAD CMakeFiles/CLionSTM32Demo.elf.dir/User/src/mian.c.obj
LOAD CMakeFiles/CLionSTM32Demo.elf.dir/Startup/startup_stm32f103xb.s.obj
LOAD d:/program files (x86)/gnu arm embedded toolchain/10 2021.10/bin/../lib/gcc/arm-none-eabi/10.3.1/../../../../arm-none-eabi/lib/thumb/v7-m/nofp\libm.a
START GROUP
LOAD d:/program files (x86)/gnu arm embedded toolchain/10 2021.10/bin/../lib/gcc/arm-none-eabi/10.3.1/thumb/v7-m/nofp\libgcc.a
LOAD d:/program files (x86)/gnu arm embedded toolchain/10 2021.10/bin/../lib/gcc/arm-none-eabi/10.3.1/../../../../arm-none-eabi/lib/thumb/v7-m/nofp\libg_nano.a
LOAD d:/program files (x86)/gnu arm embedded toolchain/10 2021.10/bin/../lib/gcc/arm-none-eabi/10.3.1/../../../../arm-none-eabi/lib/thumb/v7-m/nofp\libc_nano.a
END GROUP
START GROUP
LOAD d:/program files (x86)/gnu arm embedded toolchain/10 2021.10/bin/../lib/gcc/arm-none-eabi/10.3.1/thumb/v7-m/nofp\libgcc.a
LOAD d:/program files (x86)/gnu arm embedded toolchain/10 2021.10/bin/../lib/gcc/arm-none-eabi/10.3.1/../../../../arm-none-eabi/lib/thumb/v7-m/nofp\libc_nano.a
LOAD d:/program files (x86)/gnu arm embedded toolchain/10 2021.10/bin/../lib/gcc/arm-none-eabi/10.3.1/../../../../arm-none-eabi/lib/thumb/v7-m/nofp\libnosys.a
END GROUP
START GROUP
LOAD d:/program files (x86)/gnu arm embedded toolchain/10 2021.10/bin/../lib/gcc/arm-none-eabi/10.3.1/thumb/v7-m/nofp\libgcc.a
LOAD d:/program files (x86)/gnu arm embedded toolchain/10 2021.10/bin/../lib/gcc/arm-none-eabi/10.3.1/../../../../arm-none-eabi/lib/thumb/v7-m/nofp\libc_nano.a
LOAD d:/program files (x86)/gnu arm embedded toolchain/10 2021.10/bin/../lib/gcc/arm-none-eabi/10.3.1/../../../../arm-none-eabi/lib/thumb/v7-m/nofp\libnosys.a
END GROUP
LOAD d:/program files (x86)/gnu arm embedded toolchain/10 2021.10/bin/../lib/gcc/arm-none-eabi/10.3.1/thumb/v7-m/nofp/crtend.o
LOAD d:/program files (x86)/gnu arm embedded toolchain/10 2021.10/bin/../lib/gcc/arm-none-eabi/10.3.1/thumb/v7-m/nofp/crtn.o
                0x20005000                _estack = 0x20005000
                0x00000200                _Min_Heap_Size = 0x200
                0x00000400                _Min_Stack_Size = 0x400

.isr_vector     0x08000000      0x10c
                0x08000000                . = ALIGN (0x4)
 *(.isr_vector)
 .isr_vector    0x08000000      0x10c CMakeFiles/CLionSTM32Demo.elf.dir/Startup/startup_stm32f103xb.s.obj
                0x08000000                g_pfnVectors
                0x0800010c                . = ALIGN (0x4)

.text           0x08000110     0x4918
                0x08000110                . = ALIGN (0x4)
 *(.text)
 .text          0x08000110       0x40 d:/program files (x86)/gnu arm embedded toolchain/10 2021.10/bin/../lib/gcc/arm-none-eabi/10.3.1/thumb/v7-m/nofp/crtbegin.o
 .text          0x08000150      0x378 d:/program files (x86)/gnu arm embedded toolchain/10 2021.10/bin/../lib/gcc/arm-none-eabi/10.3.1/thumb/v7-m/nofp\libgcc.a(_arm_addsubdf3.o)
                0x08000150                __aeabi_drsub
                0x08000158                __aeabi_dsub
                0x08000158                __subdf3
                0x0800015c                __aeabi_dadd
                0x0800015c                __adddf3
                0x080003d4                __floatunsidf
                0x080003d4                __aeabi_ui2d
                0x080003f4                __floatsidf
                0x080003f4                __aeabi_i2d
                0x08000418                __aeabi_f2d
                0x08000418                __extendsfdf2
                0x0800045c                __floatundidf
                0x0800045c                __aeabi_ul2d
                0x0800046c                __floatdidf
                0x0800046c                __aeabi_l2d
 .text          0x080004c8       0xa0 d:/program files (x86)/gnu arm embedded toolchain/10 2021.10/bin/../lib/gcc/arm-none-eabi/10.3.1/thumb/v7-m/nofp\libgcc.a(_arm_truncdfsf2.o)
                0x080004c8                __truncdfsf2
                0x080004c8                __aeabi_d2f
 .text          0x08000568       0x40 d:/program files (x86)/gnu arm embedded toolchain/10 2021.10/bin/../lib/gcc/arm-none-eabi/10.3.1/thumb/v7-m/nofp\libgcc.a(_arm_fixunssfsi.o)
                0x08000568                __fixunssfsi
                0x08000568                __aeabi_f2uiz
 .text          0x080005a8       0x10 d:/program files (x86)/gnu arm embedded toolchain/10 2021.10/bin/../lib/gcc/arm-none-eabi/10.3.1/../../../../arm-none-eabi/lib/thumb/v7-m/nofp\libg_nano.a(lib_a-strlen.o)
                0x080005a8                strlen
 .text          0x080005b8      0x424 d:/program files (x86)/gnu arm embedded toolchain/10 2021.10/bin/../lib/gcc/arm-none-eabi/10.3.1/thumb/v7-m/nofp\libgcc.a(_arm_muldivdf3.o)
                0x080005b8                __aeabi_dmul
                0x080005b8                __muldf3
                0x0800080c                __divdf3
                0x0800080c                __aeabi_ddiv
 .text          0x080009dc      0x110 d:/program files (x86)/gnu arm embedded toolchain/10 2021.10/bin/../lib/gcc/arm-none-eabi/10.3.1/thumb/v7-m/nofp\libgcc.a(_arm_cmpdf2.o)
                0x080009dc                __gtdf2
                0x080009dc                __gedf2
                0x080009e4                __ltdf2
                0x080009e4                __ledf2
                0x080009ec                __nedf2
                0x080009ec                __eqdf2
                0x080009ec                __cmpdf2
                0x08000a68                __aeabi_cdrcmple
                0x08000a78                __aeabi_cdcmpeq
                0x08000a78                __aeabi_cdcmple
                0x08000a88                __aeabi_dcmpeq
                0x08000a9c                __aeabi_dcmplt
                0x08000ab0                __aeabi_dcmple
                0x08000ac4                __aeabi_dcmpge
                0x08000ad8                __aeabi_dcmpgt
 .text          0x08000aec       0x2c d:/program files (x86)/gnu arm embedded toolchain/10 2021.10/bin/../lib/gcc/arm-none-eabi/10.3.1/thumb/v7-m/nofp\libgcc.a(_arm_unorddf2.o)
                0x08000aec                __unorddf2
                0x08000aec                __aeabi_dcmpun
 .text          0x08000b18       0x50 d:/program files (x86)/gnu arm embedded toolchain/10 2021.10/bin/../lib/gcc/arm-none-eabi/10.3.1/thumb/v7-m/nofp\libgcc.a(_arm_fixdfsi.o)
                0x08000b18                __aeabi_d2iz
                0x08000b18                __fixdfsi
 *(.text*)
 .text.DS1302_SetInputMode
                0x08000b68       0x2c CMakeFiles/CLionSTM32Demo.elf.dir/Hardware/src/DS1302.c.obj
                0x08000b68                DS1302_SetInputMode
 .text.DS1302_SetOutputMode
                0x08000b94       0x34 CMakeFiles/CLionSTM32Demo.elf.dir/Hardware/src/DS1302.c.obj
                0x08000b94                DS1302_SetOutputMode
 .text.DS1302_Config
                0x08000bc8       0x74 CMakeFiles/CLionSTM32Demo.elf.dir/Hardware/src/DS1302.c.obj
                0x08000bc8                DS1302_Config
 .text.DS1302_WriteByte
                0x08000c3c       0x50 CMakeFiles/CLionSTM32Demo.elf.dir/Hardware/src/DS1302.c.obj
                0x08000c3c                DS1302_WriteByte
 .text.DS1302_WriteCmd
                0x08000c8c       0x44 CMakeFiles/CLionSTM32Demo.elf.dir/Hardware/src/DS1302.c.obj
                0x08000c8c                DS1302_WriteCmd
 .text.DS1302_ReadByte
                0x08000cd0       0x4c CMakeFiles/CLionSTM32Demo.elf.dir/Hardware/src/DS1302.c.obj
                0x08000cd0                DS1302_ReadByte
 .text.DS1302_ReadData
                0x08000d1c       0x44 CMakeFiles/CLionSTM32Demo.elf.dir/Hardware/src/DS1302.c.obj
                0x08000d1c                DS1302_ReadData
 .text.DS1302_Bcd2Dec
                0x08000d60       0x20 CMakeFiles/CLionSTM32Demo.elf.dir/Hardware/src/DS1302.c.obj
                0x08000d60                DS1302_Bcd2Dec
 .text.DS1302_Dec2Bcd
                0x08000d80       0x38 CMakeFiles/CLionSTM32Demo.elf.dir/Hardware/src/DS1302.c.obj
                0x08000d80                DS1302_Dec2Bcd
 .text.DS1302_Init
                0x08000db8       0x60 CMakeFiles/CLionSTM32Demo.elf.dir/Hardware/src/DS1302.c.obj
                0x08000db8                DS1302_Init
 .text.DS1302_Read
                0x08000e18       0x4c CMakeFiles/CLionSTM32Demo.elf.dir/Hardware/src/DS1302.c.obj
                0x08000e18                DS1302_Read
 .text.DS1302_SetDQInput
                0x08000e64       0x20 CMakeFiles/CLionSTM32Demo.elf.dir/Hardware/src/DS18B20.c.obj
                0x08000e64                DS1302_SetDQInput
 .text.DS1302_SetDQOutput
                0x08000e84       0x20 CMakeFiles/CLionSTM32Demo.elf.dir/Hardware/src/DS18B20.c.obj
                0x08000e84                DS1302_SetDQOutput
 .text.DS18B20_Init
                0x08000ea4       0x48 CMakeFiles/CLionSTM32Demo.elf.dir/Hardware/src/DS18B20.c.obj
                0x08000ea4                DS18B20_Init
 .text.ds18b20_OneWire_Start
                0x08000eec       0x44 CMakeFiles/CLionSTM32Demo.elf.dir/Hardware/src/DS18B20.c.obj
                0x08000eec                ds18b20_OneWire_Start
 .text.ds18b20_OneWire_SendBit
                0x08000f30       0x34 CMakeFiles/CLionSTM32Demo.elf.dir/Hardware/src/DS18B20.c.obj
                0x08000f30                ds18b20_OneWire_SendBit
 .text.ds18b20_OneWire_ReceiveBit
                0x08000f64       0x38 CMakeFiles/CLionSTM32Demo.elf.dir/Hardware/src/DS18B20.c.obj
                0x08000f64                ds18b20_OneWire_ReceiveBit
 .text.ds18b20_OneWire_SendByte
                0x08000f9c       0x1c CMakeFiles/CLionSTM32Demo.elf.dir/Hardware/src/DS18B20.c.obj
                0x08000f9c                ds18b20_OneWire_SendByte
 .text.ds18b20_OneWire_ReceiveByte
                0x08000fb8       0x26 CMakeFiles/CLionSTM32Demo.elf.dir/Hardware/src/DS18B20.c.obj
                0x08000fb8                ds18b20_OneWire_ReceiveByte
 .text.DS18B20_ConvertT
                0x08000fde       0x14 CMakeFiles/CLionSTM32Demo.elf.dir/Hardware/src/DS18B20.c.obj
                0x08000fde                DS18B20_ConvertT
 *fill*         0x08000ff2        0x2 
 .text.DS18B20_ReadT
                0x08000ff4       0x38 CMakeFiles/CLionSTM32Demo.elf.dir/Hardware/src/DS18B20.c.obj
                0x08000ff4                DS18B20_ReadT
 .text.SSD1306_Fill
                0x0800102c       0x1c CMakeFiles/CLionSTM32Demo.elf.dir/Hardware/src/SSD1306.c.obj
                0x0800102c                SSD1306_Fill
 .text.SSD1306_DrawPixel
                0x08001048       0x54 CMakeFiles/CLionSTM32Demo.elf.dir/Hardware/src/SSD1306.c.obj
                0x08001048                SSD1306_DrawPixel
 .text.SSD1306_GotoXY
                0x0800109c        0xc CMakeFiles/CLionSTM32Demo.elf.dir/Hardware/src/SSD1306.c.obj
                0x0800109c                SSD1306_GotoXY
 .text.SSD1306_Putc
                0x080010a8       0x9c CMakeFiles/CLionSTM32Demo.elf.dir/Hardware/src/SSD1306.c.obj
                0x080010a8                SSD1306_Putc
 .text.SSD1306_Puts
                0x08001144       0x22 CMakeFiles/CLionSTM32Demo.elf.dir/Hardware/src/SSD1306.c.obj
                0x08001144                SSD1306_Puts
 .text.SSD1306_DrawLine
                0x08001166      0x140 CMakeFiles/CLionSTM32Demo.elf.dir/Hardware/src/SSD1306.c.obj
                0x08001166                SSD1306_DrawLine
 *fill*         0x080012a6        0x2 
 .text.ssd1306_I2C_Init
                0x080012a8       0x58 CMakeFiles/CLionSTM32Demo.elf.dir/Hardware/src/SSD1306.c.obj
                0x080012a8                ssd1306_I2C_Init
 .text.ssd1306_I2C_Start
                0x08001300       0x3c CMakeFiles/CLionSTM32Demo.elf.dir/Hardware/src/SSD1306.c.obj
                0x08001300                ssd1306_I2C_Start
 .text.ssd1306_I2C_Stop
                0x0800133c       0x30 CMakeFiles/CLionSTM32Demo.elf.dir/Hardware/src/SSD1306.c.obj
                0x0800133c                ssd1306_I2C_Stop
 .text.ssd1306_I2C_SendByte
                0x0800136c       0x5c CMakeFiles/CLionSTM32Demo.elf.dir/Hardware/src/SSD1306.c.obj
                0x0800136c                ssd1306_I2C_SendByte
 .text.ssd1306_I2C_WriteMulti
                0x080013c8       0x30 CMakeFiles/CLionSTM32Demo.elf.dir/Hardware/src/SSD1306.c.obj
                0x080013c8                ssd1306_I2C_WriteMulti
 .text.ssd1306_I2C_Write
                0x080013f8       0x24 CMakeFiles/CLionSTM32Demo.elf.dir/Hardware/src/SSD1306.c.obj
                0x080013f8                ssd1306_I2C_Write
 .text.SSD1306_UpdateScreen
                0x0800141c       0x48 CMakeFiles/CLionSTM32Demo.elf.dir/Hardware/src/SSD1306.c.obj
                0x0800141c                SSD1306_UpdateScreen
 .text.SSD1306_Init
                0x08001464      0x150 CMakeFiles/CLionSTM32Demo.elf.dir/Hardware/src/SSD1306.c.obj
                0x08001464                SSD1306_Init
 .text.GPIO_Init
                0x080015b4       0xb2 CMakeFiles/CLionSTM32Demo.elf.dir/STM32F10x_FWLib/src/stm32f10x_gpio.c.obj
                0x080015b4                GPIO_Init
 .text.GPIO_ReadInputDataBit
                0x08001666        0xe CMakeFiles/CLionSTM32Demo.elf.dir/STM32F10x_FWLib/src/stm32f10x_gpio.c.obj
                0x08001666                GPIO_ReadInputDataBit
 .text.GPIO_SetBits
                0x08001674        0x4 CMakeFiles/CLionSTM32Demo.elf.dir/STM32F10x_FWLib/src/stm32f10x_gpio.c.obj
                0x08001674                GPIO_SetBits
 .text.GPIO_ResetBits
                0x08001678        0x4 CMakeFiles/CLionSTM32Demo.elf.dir/STM32F10x_FWLib/src/stm32f10x_gpio.c.obj
                0x08001678                GPIO_ResetBits
 .text.GPIO_WriteBit
                0x0800167c        0xa CMakeFiles/CLionSTM32Demo.elf.dir/STM32F10x_FWLib/src/stm32f10x_gpio.c.obj
                0x0800167c                GPIO_WriteBit
 *fill*         0x08001686        0x2 
 .text.RCC_APB2PeriphClockCmd
                0x08001688       0x1c CMakeFiles/CLionSTM32Demo.elf.dir/STM32F10x_FWLib/src/stm32f10x_rcc.c.obj
                0x08001688                RCC_APB2PeriphClockCmd
 .text.SetSysClockTo72
                0x080016a4       0xc4 CMakeFiles/CLionSTM32Demo.elf.dir/STM32F10x_FWLib/src/system_stm32f10x.c.obj
 .text.SetSysClock
                0x08001768        0x8 CMakeFiles/CLionSTM32Demo.elf.dir/STM32F10x_FWLib/src/system_stm32f10x.c.obj
 .text.SystemInit
                0x08001770       0x50 CMakeFiles/CLionSTM32Demo.elf.dir/STM32F10x_FWLib/src/system_stm32f10x.c.obj
                0x08001770                SystemInit
 .text.Delay_us
                0x080017c0       0x2a CMakeFiles/CLionSTM32Demo.elf.dir/System/src/Delay.c.obj
                0x080017c0                Delay_us
 *fill*         0x080017ea        0x2 
 .text.Clock_DetermineTimeOfDay
                0x080017ec       0x5c CMakeFiles/CLionSTM32Demo.elf.dir/User/src/Clock.c.obj
 .text.Clock_DetermineSeason
                0x08001848       0x44 CMakeFiles/CLionSTM32Demo.elf.dir/User/src/Clock.c.obj
 .text.Clock_UserConfig
                0x0800188c       0x38 CMakeFiles/CLionSTM32Demo.elf.dir/User/src/Clock.c.obj
 .text.Clock_ReadDate
                0x080018c4       0x54 CMakeFiles/CLionSTM32Demo.elf.dir/User/src/Clock.c.obj
                0x080018c4                Clock_ReadDate
 .text.Clock_GetAdvice
                0x08001918       0x90 CMakeFiles/CLionSTM32Demo.elf.dir/User/src/Clock.c.obj
                0x08001918                Clock_GetAdvice
 .text.Clock_Loop
                0x080019a8       0x14 CMakeFiles/CLionSTM32Demo.elf.dir/User/src/Clock.c.obj
                0x080019a8                Clock_Loop
 .text.Clock_Init
                0x080019bc       0x10 CMakeFiles/CLionSTM32Demo.elf.dir/User/src/Clock.c.obj
                0x080019bc                Clock_Init
 .text.HomePage_FlashHomepage
                0x080019cc      0x120 CMakeFiles/CLionSTM32Demo.elf.dir/User/src/HomePage.c.obj
                0x080019cc                HomePage_FlashHomepage
 .text.HomePage_Init
                0x08001aec       0x10 CMakeFiles/CLionSTM32Demo.elf.dir/User/src/HomePage.c.obj
                0x08001aec                HomePage_Init
 .text.HomePage_Loop
                0x08001afc        0x8 CMakeFiles/CLionSTM32Demo.elf.dir/User/src/HomePage.c.obj
                0x08001afc                HomePage_Loop
 .text.main     0x08001b04       0x14 CMakeFiles/CLionSTM32Demo.elf.dir/User/src/mian.c.obj
                0x08001b04                main
 .text.Reset_Handler
                0x08001b18       0x48 CMakeFiles/CLionSTM32Demo.elf.dir/Startup/startup_stm32f103xb.s.obj
                0x08001b18                Reset_Handler
 .text.Default_Handler
                0x08001b60        0x2 CMakeFiles/CLionSTM32Demo.elf.dir/Startup/startup_stm32f103xb.s.obj
                0x08001b60                RTC_Alarm_IRQHandler
                0x08001b60                EXTI2_IRQHandler
                0x08001b60                DebugMon_Handler
                0x08001b60                TIM1_CC_IRQHandler
                0x08001b60                HardFault_Handler
                0x08001b60                SysTick_Handler
                0x08001b60                PVD_IRQHandler
                0x08001b60                PendSV_Handler
                0x08001b60                NMI_Handler
                0x08001b60                EXTI3_IRQHandler
                0x08001b60                EXTI0_IRQHandler
                0x08001b60                I2C2_EV_IRQHandler
                0x08001b60                UsageFault_Handler
                0x08001b60                ADC1_2_IRQHandler
                0x08001b60                SPI1_IRQHandler
                0x08001b60                TAMPER_IRQHandler
                0x08001b60                DMA1_Channel4_IRQHandler
                0x08001b60                USART3_IRQHandler
                0x08001b60                RTC_IRQHandler
                0x08001b60                DMA1_Channel7_IRQHandler
                0x08001b60                CAN1_RX1_IRQHandler
                0x08001b60                TIM4_IRQHandler
                0x08001b60                I2C1_EV_IRQHandler
                0x08001b60                DMA1_Channel6_IRQHandler
                0x08001b60                TIM3_IRQHandler
                0x08001b60                RCC_IRQHandler
                0x08001b60                TIM1_TRG_COM_IRQHandler
                0x08001b60                DMA1_Channel1_IRQHandler
                0x08001b60                Default_Handler
                0x08001b60                EXTI15_10_IRQHandler
                0x08001b60                EXTI9_5_IRQHandler
                0x08001b60                SPI2_IRQHandler
                0x08001b60                MemManage_Handler
                0x08001b60                SVC_Handler
                0x08001b60                DMA1_Channel5_IRQHandler
                0x08001b60                EXTI4_IRQHandler
                0x08001b60                USB_LP_CAN1_RX0_IRQHandler
                0x08001b60                USB_HP_CAN1_TX_IRQHandler
                0x08001b60                DMA1_Channel3_IRQHandler
                0x08001b60                TIM1_UP_IRQHandler
                0x08001b60                WWDG_IRQHandler
                0x08001b60                TIM2_IRQHandler
                0x08001b60                TIM1_BRK_IRQHandler
                0x08001b60                EXTI1_IRQHandler
                0x08001b60                USART2_IRQHandler
                0x08001b60                I2C2_ER_IRQHandler
                0x08001b60                DMA1_Channel2_IRQHandler
                0x08001b60                CAN1_SCE_IRQHandler
                0x08001b60                FLASH_IRQHandler
                0x08001b60                BusFault_Handler
                0x08001b60                USART1_IRQHandler
                0x08001b60                I2C1_ER_IRQHandler
                0x08001b60                USBWakeUp_IRQHandler
 *fill*         0x08001b62        0x2 
 .text.__libc_init_array
                0x08001b64       0x48 d:/program files (x86)/gnu arm embedded toolchain/10 2021.10/bin/../lib/gcc/arm-none-eabi/10.3.1/../../../../arm-none-eabi/lib/thumb/v7-m/nofp\libg_nano.a(lib_a-init.o)
                0x08001b64                __libc_init_array
 .text.memset   0x08001bac       0x10 d:/program files (x86)/gnu arm embedded toolchain/10 2021.10/bin/../lib/gcc/arm-none-eabi/10.3.1/../../../../arm-none-eabi/lib/thumb/v7-m/nofp\libg_nano.a(lib_a-memset.o)
                0x08001bac                memset
 .text.__cvt    0x08001bbc       0xbe d:/program files (x86)/gnu arm embedded toolchain/10 2021.10/bin/../lib/gcc/arm-none-eabi/10.3.1/../../../../arm-none-eabi/lib/thumb/v7-m/nofp\libg_nano.a(lib_a-nano-vfprintf_float.o)
                0x08001bbc                __cvt
 .text.__exponent
                0x08001c7a       0x7c d:/program files (x86)/gnu arm embedded toolchain/10 2021.10/bin/../lib/gcc/arm-none-eabi/10.3.1/../../../../arm-none-eabi/lib/thumb/v7-m/nofp\libg_nano.a(lib_a-nano-vfprintf_float.o)
                0x08001c7a                __exponent
 *fill*         0x08001cf6        0x2 
 .text._printf_float
                0x08001cf8      0x458 d:/program files (x86)/gnu arm embedded toolchain/10 2021.10/bin/../lib/gcc/arm-none-eabi/10.3.1/../../../../arm-none-eabi/lib/thumb/v7-m/nofp\libg_nano.a(lib_a-nano-vfprintf_float.o)
                0x08001cf8                _printf_float
 .text._printf_common
                0x08002150       0xde d:/program files (x86)/gnu arm embedded toolchain/10 2021.10/bin/../lib/gcc/arm-none-eabi/10.3.1/../../../../arm-none-eabi/lib/thumb/v7-m/nofp\libg_nano.a(lib_a-nano-vfprintf_i.o)
                0x08002150                _printf_common
 *fill*         0x0800222e        0x2 
 .text._printf_i
                0x08002230      0x24c d:/program files (x86)/gnu arm embedded toolchain/10 2021.10/bin/../lib/gcc/arm-none-eabi/10.3.1/../../../../arm-none-eabi/lib/thumb/v7-m/nofp\libg_nano.a(lib_a-nano-vfprintf_i.o)
                0x08002230                _printf_i
 .text.sprintf  0x0800247c       0x40 d:/program files (x86)/gnu arm embedded toolchain/10 2021.10/bin/../lib/gcc/arm-none-eabi/10.3.1/../../../../arm-none-eabi/lib/thumb/v7-m/nofp\libg_nano.a(lib_a-sprintf.o)
                0x0800247c                siprintf
                0x0800247c                sprintf
 .text.quorem   0x080024bc      0x118 d:/program files (x86)/gnu arm embedded toolchain/10 2021.10/bin/../lib/gcc/arm-none-eabi/10.3.1/../../../../arm-none-eabi/lib/thumb/v7-m/nofp\libg_nano.a(lib_a-dtoa.o)
 *fill*         0x080025d4        0x4 
 .text._dtoa_r  0x080025d8      0xbdc d:/program files (x86)/gnu arm embedded toolchain/10 2021.10/bin/../lib/gcc/arm-none-eabi/10.3.1/../../../../arm-none-eabi/lib/thumb/v7-m/nofp\libg_nano.a(lib_a-dtoa.o)
                0x080025d8                _dtoa_r
 .text._localeconv_r
                0x080031b4        0x8 d:/program files (x86)/gnu arm embedded toolchain/10 2021.10/bin/../lib/gcc/arm-none-eabi/10.3.1/../../../../arm-none-eabi/lib/thumb/v7-m/nofp\libg_nano.a(lib_a-localeconv.o)
                0x080031b4                _localeconv_r
 .text.malloc   0x080031bc       0x10 d:/program files (x86)/gnu arm embedded toolchain/10 2021.10/bin/../lib/gcc/arm-none-eabi/10.3.1/../../../../arm-none-eabi/lib/thumb/v7-m/nofp\libg_nano.a(lib_a-malloc.o)
                0x080031bc                malloc
 .text.memchr   0x080031cc       0x1c d:/program files (x86)/gnu arm embedded toolchain/10 2021.10/bin/../lib/gcc/arm-none-eabi/10.3.1/../../../../arm-none-eabi/lib/thumb/v7-m/nofp\libg_nano.a(lib_a-memchr-stub.o)
                0x080031cc                memchr
 .text.memcpy   0x080031e8       0x1c d:/program files (x86)/gnu arm embedded toolchain/10 2021.10/bin/../lib/gcc/arm-none-eabi/10.3.1/../../../../arm-none-eabi/lib/thumb/v7-m/nofp\libg_nano.a(lib_a-memcpy-stub.o)
                0x080031e8                memcpy
 .text._Balloc  0x08003204       0x80 d:/program files (x86)/gnu arm embedded toolchain/10 2021.10/bin/../lib/gcc/arm-none-eabi/10.3.1/../../../../arm-none-eabi/lib/thumb/v7-m/nofp\libg_nano.a(lib_a-mprec.o)
                0x08003204                _Balloc
 .text._Bfree   0x08003284       0x44 d:/program files (x86)/gnu arm embedded toolchain/10 2021.10/bin/../lib/gcc/arm-none-eabi/10.3.1/../../../../arm-none-eabi/lib/thumb/v7-m/nofp\libg_nano.a(lib_a-mprec.o)
                0x08003284                _Bfree
 .text.__multadd
                0x080032c8       0x8c d:/program files (x86)/gnu arm embedded toolchain/10 2021.10/bin/../lib/gcc/arm-none-eabi/10.3.1/../../../../arm-none-eabi/lib/thumb/v7-m/nofp\libg_nano.a(lib_a-mprec.o)
                0x080032c8                __multadd
 .text.__hi0bits
                0x08003354       0x40 d:/program files (x86)/gnu arm embedded toolchain/10 2021.10/bin/../lib/gcc/arm-none-eabi/10.3.1/../../../../arm-none-eabi/lib/thumb/v7-m/nofp\libg_nano.a(lib_a-mprec.o)
                0x08003354                __hi0bits
 .text.__lo0bits
                0x08003394       0x5a d:/program files (x86)/gnu arm embedded toolchain/10 2021.10/bin/../lib/gcc/arm-none-eabi/10.3.1/../../../../arm-none-eabi/lib/thumb/v7-m/nofp\libg_nano.a(lib_a-mprec.o)
                0x08003394                __lo0bits
 *fill*         0x080033ee        0x2 
 .text.__i2b    0x080033f0       0x2c d:/program files (x86)/gnu arm embedded toolchain/10 2021.10/bin/../lib/gcc/arm-none-eabi/10.3.1/../../../../arm-none-eabi/lib/thumb/v7-m/nofp\libg_nano.a(lib_a-mprec.o)
                0x080033f0                __i2b
 .text.__multiply
                0x0800341c      0x150 d:/program files (x86)/gnu arm embedded toolchain/10 2021.10/bin/../lib/gcc/arm-none-eabi/10.3.1/../../../../arm-none-eabi/lib/thumb/v7-m/nofp\libg_nano.a(lib_a-mprec.o)
                0x0800341c                __multiply
 .text.__pow5mult
                0x0800356c       0xb4 d:/program files (x86)/gnu arm embedded toolchain/10 2021.10/bin/../lib/gcc/arm-none-eabi/10.3.1/../../../../arm-none-eabi/lib/thumb/v7-m/nofp\libg_nano.a(lib_a-mprec.o)
                0x0800356c                __pow5mult
 .text.__lshift
                0x08003620       0xe0 d:/program files (x86)/gnu arm embedded toolchain/10 2021.10/bin/../lib/gcc/arm-none-eabi/10.3.1/../../../../arm-none-eabi/lib/thumb/v7-m/nofp\libg_nano.a(lib_a-mprec.o)
                0x08003620                __lshift
 .text.__mcmp   0x08003700       0x36 d:/program files (x86)/gnu arm embedded toolchain/10 2021.10/bin/../lib/gcc/arm-none-eabi/10.3.1/../../../../arm-none-eabi/lib/thumb/v7-m/nofp\libg_nano.a(lib_a-mprec.o)
                0x08003700                __mcmp
 *fill*         0x08003736        0x2 
 .text.__mdiff  0x08003738      0x118 d:/program files (x86)/gnu arm embedded toolchain/10 2021.10/bin/../lib/gcc/arm-none-eabi/10.3.1/../../../../arm-none-eabi/lib/thumb/v7-m/nofp\libg_nano.a(lib_a-mprec.o)
                0x08003738                __mdiff
 .text.__d2b    0x08003850       0xb8 d:/program files (x86)/gnu arm embedded toolchain/10 2021.10/bin/../lib/gcc/arm-none-eabi/10.3.1/../../../../arm-none-eabi/lib/thumb/v7-m/nofp\libg_nano.a(lib_a-mprec.o)
                0x08003850                __d2b
 .text._calloc_r
                0x08003908       0x28 d:/program files (x86)/gnu arm embedded toolchain/10 2021.10/bin/../lib/gcc/arm-none-eabi/10.3.1/../../../../arm-none-eabi/lib/thumb/v7-m/nofp\libg_nano.a(lib_a-nano-callocr.o)
                0x08003908                _calloc_r
 .text._free_r  0x08003930       0x90 d:/program files (x86)/gnu arm embedded toolchain/10 2021.10/bin/../lib/gcc/arm-none-eabi/10.3.1/../../../../arm-none-eabi/lib/thumb/v7-m/nofp\libg_nano.a(lib_a-nano-freer.o)
                0x08003930                _free_r
 .text.sbrk_aligned
                0x080039c0       0x40 d:/program files (x86)/gnu arm embedded toolchain/10 2021.10/bin/../lib/gcc/arm-none-eabi/10.3.1/../../../../arm-none-eabi/lib/thumb/v7-m/nofp\libg_nano.a(lib_a-nano-mallocr.o)
 .text._malloc_r
                0x08003a00       0xe8 d:/program files (x86)/gnu arm embedded toolchain/10 2021.10/bin/../lib/gcc/arm-none-eabi/10.3.1/../../../../arm-none-eabi/lib/thumb/v7-m/nofp\libg_nano.a(lib_a-nano-mallocr.o)
                0x08003a00                _malloc_r
 .text.__ssputs_r
                0x08003ae8       0xb6 d:/program files (x86)/gnu arm embedded toolchain/10 2021.10/bin/../lib/gcc/arm-none-eabi/10.3.1/../../../../arm-none-eabi/lib/thumb/v7-m/nofp\libg_nano.a(lib_a-nano-svfprintf.o)
                0x08003ae8                __ssputs_r
 *fill*         0x08003b9e        0x2 
 .text._svfprintf_r
                0x08003ba0      0x200 d:/program files (x86)/gnu arm embedded toolchain/10 2021.10/bin/../lib/gcc/arm-none-eabi/10.3.1/../../../../arm-none-eabi/lib/thumb/v7-m/nofp\libg_nano.a(lib_a-nano-svfprintf.o)
                0x08003ba0                _svfiprintf_r
                0x08003ba0                _svfprintf_r
 .text._sbrk_r  0x08003da0       0x20 d:/program files (x86)/gnu arm embedded toolchain/10 2021.10/bin/../lib/gcc/arm-none-eabi/10.3.1/../../../../arm-none-eabi/lib/thumb/v7-m/nofp\libg_nano.a(lib_a-sbrkr.o)
                0x08003da0                _sbrk_r
 .text.__assert_func
                0x08003dc0       0x3c d:/program files (x86)/gnu arm embedded toolchain/10 2021.10/bin/../lib/gcc/arm-none-eabi/10.3.1/../../../../arm-none-eabi/lib/thumb/v7-m/nofp\libg_nano.a(lib_a-assert.o)
                0x08003dc0                __assert_func
 .text.fprintf  0x08003dfc       0x24 d:/program files (x86)/gnu arm embedded toolchain/10 2021.10/bin/../lib/gcc/arm-none-eabi/10.3.1/../../../../arm-none-eabi/lib/thumb/v7-m/nofp\libg_nano.a(lib_a-fprintf.o)
                0x08003dfc                fiprintf
                0x08003dfc                fprintf
 .text.__ascii_mbtowc
                0x08003e20       0x24 d:/program files (x86)/gnu arm embedded toolchain/10 2021.10/bin/../lib/gcc/arm-none-eabi/10.3.1/../../../../arm-none-eabi/lib/thumb/v7-m/nofp\libg_nano.a(lib_a-mbtowc_r.o)
                0x08003e20                __ascii_mbtowc
 .text.memmove  0x08003e44       0x34 d:/program files (x86)/gnu arm embedded toolchain/10 2021.10/bin/../lib/gcc/arm-none-eabi/10.3.1/../../../../arm-none-eabi/lib/thumb/v7-m/nofp\libg_nano.a(lib_a-memmove.o)
                0x08003e44                memmove
 .text.__malloc_lock
                0x08003e78        0xc d:/program files (x86)/gnu arm embedded toolchain/10 2021.10/bin/../lib/gcc/arm-none-eabi/10.3.1/../../../../arm-none-eabi/lib/thumb/v7-m/nofp\libg_nano.a(lib_a-mlock.o)
                0x08003e78                __malloc_lock
 .text.__malloc_unlock
                0x08003e84        0xc d:/program files (x86)/gnu arm embedded toolchain/10 2021.10/bin/../lib/gcc/arm-none-eabi/10.3.1/../../../../arm-none-eabi/lib/thumb/v7-m/nofp\libg_nano.a(lib_a-mlock.o)
                0x08003e84                __malloc_unlock
 .text._realloc_r
                0x08003e90       0x5e d:/program files (x86)/gnu arm embedded toolchain/10 2021.10/bin/../lib/gcc/arm-none-eabi/10.3.1/../../../../arm-none-eabi/lib/thumb/v7-m/nofp\libg_nano.a(lib_a-nano-reallocr.o)
                0x08003e90                _realloc_r
 .text.__sfputc_r
                0x08003eee       0x2a d:/program files (x86)/gnu arm embedded toolchain/10 2021.10/bin/../lib/gcc/arm-none-eabi/10.3.1/../../../../arm-none-eabi/lib/thumb/v7-m/nofp\libg_nano.a(lib_a-nano-vfprintf.o)
 .text.__sfputs_r
                0x08003f18       0x24 d:/program files (x86)/gnu arm embedded toolchain/10 2021.10/bin/../lib/gcc/arm-none-eabi/10.3.1/../../../../arm-none-eabi/lib/thumb/v7-m/nofp\libg_nano.a(lib_a-nano-vfprintf.o)
                0x08003f18                __sfputs_r
 .text._vfprintf_r
                0x08003f3c      0x260 d:/program files (x86)/gnu arm embedded toolchain/10 2021.10/bin/../lib/gcc/arm-none-eabi/10.3.1/../../../../arm-none-eabi/lib/thumb/v7-m/nofp\libg_nano.a(lib_a-nano-vfprintf.o)
                0x08003f3c                _vfprintf_r
                0x08003f3c                _vfiprintf_r
 .text.__swbuf_r
                0x0800419c       0xa4 d:/program files (x86)/gnu arm embedded toolchain/10 2021.10/bin/../lib/gcc/arm-none-eabi/10.3.1/../../../../arm-none-eabi/lib/thumb/v7-m/nofp\libg_nano.a(lib_a-wbuf.o)
                0x0800419c                __swbuf_r
 .text.__ascii_wctomb
                0x08004240       0x1a d:/program files (x86)/gnu arm embedded toolchain/10 2021.10/bin/../lib/gcc/arm-none-eabi/10.3.1/../../../../arm-none-eabi/lib/thumb/v7-m/nofp\libg_nano.a(lib_a-wctomb_r.o)
                0x08004240                __ascii_wctomb
 *fill*         0x0800425a        0x2 
 .text.__swsetup_r
                0x0800425c       0xdc d:/program files (x86)/gnu arm embedded toolchain/10 2021.10/bin/../lib/gcc/arm-none-eabi/10.3.1/../../../../arm-none-eabi/lib/thumb/v7-m/nofp\libg_nano.a(lib_a-wsetup.o)
                0x0800425c                __swsetup_r
 .text.abort    0x08004338        0xe d:/program files (x86)/gnu arm embedded toolchain/10 2021.10/bin/../lib/gcc/arm-none-eabi/10.3.1/../../../../arm-none-eabi/lib/thumb/v7-m/nofp\libg_nano.a(lib_a-abort.o)
                0x08004338                abort
 *fill*         0x08004346        0x2 
 .text.__sflush_r
                0x08004348      0x104 d:/program files (x86)/gnu arm embedded toolchain/10 2021.10/bin/../lib/gcc/arm-none-eabi/10.3.1/../../../../arm-none-eabi/lib/thumb/v7-m/nofp\libg_nano.a(lib_a-fflush.o)
                0x08004348                __sflush_r
 .text._fflush_r
                0x0800444c       0x78 d:/program files (x86)/gnu arm embedded toolchain/10 2021.10/bin/../lib/gcc/arm-none-eabi/10.3.1/../../../../arm-none-eabi/lib/thumb/v7-m/nofp\libg_nano.a(lib_a-fflush.o)
                0x0800444c                _fflush_r
 .text.std      0x080044c4       0x48 d:/program files (x86)/gnu arm embedded toolchain/10 2021.10/bin/../lib/gcc/arm-none-eabi/10.3.1/../../../../arm-none-eabi/lib/thumb/v7-m/nofp\libg_nano.a(lib_a-findfp.o)
 .text._cleanup_r
                0x0800450c        0xc d:/program files (x86)/gnu arm embedded toolchain/10 2021.10/bin/../lib/gcc/arm-none-eabi/10.3.1/../../../../arm-none-eabi/lib/thumb/v7-m/nofp\libg_nano.a(lib_a-findfp.o)
                0x0800450c                _cleanup_r
 .text.__sfmoreglue
                0x08004518       0x2c d:/program files (x86)/gnu arm embedded toolchain/10 2021.10/bin/../lib/gcc/arm-none-eabi/10.3.1/../../../../arm-none-eabi/lib/thumb/v7-m/nofp\libg_nano.a(lib_a-findfp.o)
                0x08004518                __sfmoreglue
 .text.__sfp_lock_acquire
                0x08004544        0xc d:/program files (x86)/gnu arm embedded toolchain/10 2021.10/bin/../lib/gcc/arm-none-eabi/10.3.1/../../../../arm-none-eabi/lib/thumb/v7-m/nofp\libg_nano.a(lib_a-findfp.o)
                0x08004544                __sfp_lock_acquire
 .text.__sfp_lock_release
                0x08004550        0xc d:/program files (x86)/gnu arm embedded toolchain/10 2021.10/bin/../lib/gcc/arm-none-eabi/10.3.1/../../../../arm-none-eabi/lib/thumb/v7-m/nofp\libg_nano.a(lib_a-findfp.o)
                0x08004550                __sfp_lock_release
 .text.__sinit_lock_acquire
                0x0800455c        0xc d:/program files (x86)/gnu arm embedded toolchain/10 2021.10/bin/../lib/gcc/arm-none-eabi/10.3.1/../../../../arm-none-eabi/lib/thumb/v7-m/nofp\libg_nano.a(lib_a-findfp.o)
                0x0800455c                __sinit_lock_acquire
 .text.__sinit_lock_release
                0x08004568        0xc d:/program files (x86)/gnu arm embedded toolchain/10 2021.10/bin/../lib/gcc/arm-none-eabi/10.3.1/../../../../arm-none-eabi/lib/thumb/v7-m/nofp\libg_nano.a(lib_a-findfp.o)
                0x08004568                __sinit_lock_release
 .text.__sinit  0x08004574       0x70 d:/program files (x86)/gnu arm embedded toolchain/10 2021.10/bin/../lib/gcc/arm-none-eabi/10.3.1/../../../../arm-none-eabi/lib/thumb/v7-m/nofp\libg_nano.a(lib_a-findfp.o)
                0x08004574                __sinit
 .text.__sfp    0x080045e4       0x8c d:/program files (x86)/gnu arm embedded toolchain/10 2021.10/bin/../lib/gcc/arm-none-eabi/10.3.1/../../../../arm-none-eabi/lib/thumb/v7-m/nofp\libg_nano.a(lib_a-findfp.o)
                0x080045e4                __sfp
 .text._fwalk_reent
                0x08004670       0x3e d:/program files (x86)/gnu arm embedded toolchain/10 2021.10/bin/../lib/gcc/arm-none-eabi/10.3.1/../../../../arm-none-eabi/lib/thumb/v7-m/nofp\libg_nano.a(lib_a-fwalk.o)
                0x08004670                _fwalk_reent
 .text.__retarget_lock_init_recursive
                0x080046ae        0x2 d:/program files (x86)/gnu arm embedded toolchain/10 2021.10/bin/../lib/gcc/arm-none-eabi/10.3.1/../../../../arm-none-eabi/lib/thumb/v7-m/nofp\libg_nano.a(lib_a-lock.o)
                0x080046ae                __retarget_lock_init_recursive
 .text.__retarget_lock_acquire_recursive
                0x080046b0        0x2 d:/program files (x86)/gnu arm embedded toolchain/10 2021.10/bin/../lib/gcc/arm-none-eabi/10.3.1/../../../../arm-none-eabi/lib/thumb/v7-m/nofp\libg_nano.a(lib_a-lock.o)
                0x080046b0                __retarget_lock_acquire_recursive
 .text.__retarget_lock_release_recursive
                0x080046b2        0x2 d:/program files (x86)/gnu arm embedded toolchain/10 2021.10/bin/../lib/gcc/arm-none-eabi/10.3.1/../../../../arm-none-eabi/lib/thumb/v7-m/nofp\libg_nano.a(lib_a-lock.o)
                0x080046b2                __retarget_lock_release_recursive
 .text.__swhatbuf_r
                0x080046b4       0x4a d:/program files (x86)/gnu arm embedded toolchain/10 2021.10/bin/../lib/gcc/arm-none-eabi/10.3.1/../../../../arm-none-eabi/lib/thumb/v7-m/nofp\libg_nano.a(lib_a-makebuf.o)
                0x080046b4                __swhatbuf_r
 *fill*         0x080046fe        0x2 
 .text.__smakebuf_r
                0x08004700       0x80 d:/program files (x86)/gnu arm embedded toolchain/10 2021.10/bin/../lib/gcc/arm-none-eabi/10.3.1/../../../../arm-none-eabi/lib/thumb/v7-m/nofp\libg_nano.a(lib_a-makebuf.o)
                0x08004700                __smakebuf_r
 .text._malloc_usable_size_r
                0x08004780       0x10 d:/program files (x86)/gnu arm embedded toolchain/10 2021.10/bin/../lib/gcc/arm-none-eabi/10.3.1/../../../../arm-none-eabi/lib/thumb/v7-m/nofp\libg_nano.a(lib_a-nano-msizer.o)
                0x08004780                _malloc_usable_size_r
 .text._raise_r
                0x08004790       0x50 d:/program files (x86)/gnu arm embedded toolchain/10 2021.10/bin/../lib/gcc/arm-none-eabi/10.3.1/../../../../arm-none-eabi/lib/thumb/v7-m/nofp\libg_nano.a(lib_a-signal.o)
                0x08004790                _raise_r
 .text.raise    0x080047e0       0x10 d:/program files (x86)/gnu arm embedded toolchain/10 2021.10/bin/../lib/gcc/arm-none-eabi/10.3.1/../../../../arm-none-eabi/lib/thumb/v7-m/nofp\libg_nano.a(lib_a-signal.o)
                0x080047e0                raise
 .text._kill_r  0x080047f0       0x24 d:/program files (x86)/gnu arm embedded toolchain/10 2021.10/bin/../lib/gcc/arm-none-eabi/10.3.1/../../../../arm-none-eabi/lib/thumb/v7-m/nofp\libg_nano.a(lib_a-signalr.o)
                0x080047f0                _kill_r
 .text._getpid_r
                0x08004814        0x4 d:/program files (x86)/gnu arm embedded toolchain/10 2021.10/bin/../lib/gcc/arm-none-eabi/10.3.1/../../../../arm-none-eabi/lib/thumb/v7-m/nofp\libg_nano.a(lib_a-signalr.o)
                0x08004814                _getpid_r
 .text.__sread  0x08004818       0x22 d:/program files (x86)/gnu arm embedded toolchain/10 2021.10/bin/../lib/gcc/arm-none-eabi/10.3.1/../../../../arm-none-eabi/lib/thumb/v7-m/nofp\libg_nano.a(lib_a-stdio.o)
                0x08004818                __sread
 .text.__swrite
                0x0800483a       0x38 d:/program files (x86)/gnu arm embedded toolchain/10 2021.10/bin/../lib/gcc/arm-none-eabi/10.3.1/../../../../arm-none-eabi/lib/thumb/v7-m/nofp\libg_nano.a(lib_a-stdio.o)
                0x0800483a                __swrite
 .text.__sseek  0x08004872       0x24 d:/program files (x86)/gnu arm embedded toolchain/10 2021.10/bin/../lib/gcc/arm-none-eabi/10.3.1/../../../../arm-none-eabi/lib/thumb/v7-m/nofp\libg_nano.a(lib_a-stdio.o)
                0x08004872                __sseek
 .text.__sclose
                0x08004896        0x8 d:/program files (x86)/gnu arm embedded toolchain/10 2021.10/bin/../lib/gcc/arm-none-eabi/10.3.1/../../../../arm-none-eabi/lib/thumb/v7-m/nofp\libg_nano.a(lib_a-stdio.o)
                0x08004896                __sclose
 *fill*         0x0800489e        0x2 
 .text._write_r
                0x080048a0       0x24 d:/program files (x86)/gnu arm embedded toolchain/10 2021.10/bin/../lib/gcc/arm-none-eabi/10.3.1/../../../../arm-none-eabi/lib/thumb/v7-m/nofp\libg_nano.a(lib_a-writer.o)
                0x080048a0                _write_r
 .text._close_r
                0x080048c4       0x20 d:/program files (x86)/gnu arm embedded toolchain/10 2021.10/bin/../lib/gcc/arm-none-eabi/10.3.1/../../../../arm-none-eabi/lib/thumb/v7-m/nofp\libg_nano.a(lib_a-closer.o)
                0x080048c4                _close_r
 .text._fstat_r
                0x080048e4       0x24 d:/program files (x86)/gnu arm embedded toolchain/10 2021.10/bin/../lib/gcc/arm-none-eabi/10.3.1/../../../../arm-none-eabi/lib/thumb/v7-m/nofp\libg_nano.a(lib_a-fstatr.o)
                0x080048e4                _fstat_r
 .text._isatty_r
                0x08004908       0x20 d:/program files (x86)/gnu arm embedded toolchain/10 2021.10/bin/../lib/gcc/arm-none-eabi/10.3.1/../../../../arm-none-eabi/lib/thumb/v7-m/nofp\libg_nano.a(lib_a-isattyr.o)
                0x08004908                _isatty_r
 .text._lseek_r
                0x08004928       0x24 d:/program files (x86)/gnu arm embedded toolchain/10 2021.10/bin/../lib/gcc/arm-none-eabi/10.3.1/../../../../arm-none-eabi/lib/thumb/v7-m/nofp\libg_nano.a(lib_a-lseekr.o)
                0x08004928                _lseek_r
 .text._read_r  0x0800494c       0x24 d:/program files (x86)/gnu arm embedded toolchain/10 2021.10/bin/../lib/gcc/arm-none-eabi/10.3.1/../../../../arm-none-eabi/lib/thumb/v7-m/nofp\libg_nano.a(lib_a-readr.o)
                0x0800494c                _read_r
 .text._close   0x08004970       0x10 d:/program files (x86)/gnu arm embedded toolchain/10 2021.10/bin/../lib/gcc/arm-none-eabi/10.3.1/../../../../arm-none-eabi/lib/thumb/v7-m/nofp\libnosys.a(close.o)
                0x08004970                _close
 .text._fstat   0x08004980       0x10 d:/program files (x86)/gnu arm embedded toolchain/10 2021.10/bin/../lib/gcc/arm-none-eabi/10.3.1/../../../../arm-none-eabi/lib/thumb/v7-m/nofp\libnosys.a(fstat.o)
                0x08004980                _fstat
 .text._getpid  0x08004990       0x10 d:/program files (x86)/gnu arm embedded toolchain/10 2021.10/bin/../lib/gcc/arm-none-eabi/10.3.1/../../../../arm-none-eabi/lib/thumb/v7-m/nofp\libnosys.a(getpid.o)
                0x08004990                _getpid
 .text._isatty  0x080049a0       0x10 d:/program files (x86)/gnu arm embedded toolchain/10 2021.10/bin/../lib/gcc/arm-none-eabi/10.3.1/../../../../arm-none-eabi/lib/thumb/v7-m/nofp\libnosys.a(isatty.o)
                0x080049a0                _isatty
 .text._kill    0x080049b0       0x10 d:/program files (x86)/gnu arm embedded toolchain/10 2021.10/bin/../lib/gcc/arm-none-eabi/10.3.1/../../../../arm-none-eabi/lib/thumb/v7-m/nofp\libnosys.a(kill.o)
                0x080049b0                _kill
 .text._lseek   0x080049c0       0x10 d:/program files (x86)/gnu arm embedded toolchain/10 2021.10/bin/../lib/gcc/arm-none-eabi/10.3.1/../../../../arm-none-eabi/lib/thumb/v7-m/nofp\libnosys.a(lseek.o)
                0x080049c0                _lseek
 .text._read    0x080049d0       0x10 d:/program files (x86)/gnu arm embedded toolchain/10 2021.10/bin/../lib/gcc/arm-none-eabi/10.3.1/../../../../arm-none-eabi/lib/thumb/v7-m/nofp\libnosys.a(read.o)
                0x080049d0                _read
 .text._sbrk    0x080049e0       0x1c d:/program files (x86)/gnu arm embedded toolchain/10 2021.10/bin/../lib/gcc/arm-none-eabi/10.3.1/../../../../arm-none-eabi/lib/thumb/v7-m/nofp\libnosys.a(sbrk.o)
                0x080049e0                _sbrk
 .text._write   0x080049fc       0x10 d:/program files (x86)/gnu arm embedded toolchain/10 2021.10/bin/../lib/gcc/arm-none-eabi/10.3.1/../../../../arm-none-eabi/lib/thumb/v7-m/nofp\libnosys.a(write.o)
                0x080049fc                _write
 .text._exit    0x08004a0c        0x4 d:/program files (x86)/gnu arm embedded toolchain/10 2021.10/bin/../lib/gcc/arm-none-eabi/10.3.1/../../../../arm-none-eabi/lib/thumb/v7-m/nofp\libnosys.a(_exit.o)
                0x08004a0c                _exit
 *(.glue_7)
 .glue_7        0x08004a10        0x0 linker stubs
 *(.glue_7t)
 .glue_7t       0x08004a10        0x0 linker stubs
 *(.eh_frame)
 .eh_frame      0x08004a10        0x0 d:/program files (x86)/gnu arm embedded toolchain/10 2021.10/bin/../lib/gcc/arm-none-eabi/10.3.1/thumb/v7-m/nofp/crtbegin.o
 *(.init)
 .init          0x08004a10        0x4 d:/program files (x86)/gnu arm embedded toolchain/10 2021.10/bin/../lib/gcc/arm-none-eabi/10.3.1/thumb/v7-m/nofp/crti.o
                0x08004a10                _init
 .init          0x08004a14        0x8 d:/program files (x86)/gnu arm embedded toolchain/10 2021.10/bin/../lib/gcc/arm-none-eabi/10.3.1/thumb/v7-m/nofp/crtn.o
 *(.fini)
 .fini          0x08004a1c        0x4 d:/program files (x86)/gnu arm embedded toolchain/10 2021.10/bin/../lib/gcc/arm-none-eabi/10.3.1/thumb/v7-m/nofp/crti.o
                0x08004a1c                _fini
 .fini          0x08004a20        0x8 d:/program files (x86)/gnu arm embedded toolchain/10 2021.10/bin/../lib/gcc/arm-none-eabi/10.3.1/thumb/v7-m/nofp/crtn.o
                0x08004a28                . = ALIGN (0x4)
                0x08004a28                _etext = .

.vfp11_veneer   0x08004a28        0x0
 .vfp11_veneer  0x08004a28        0x0 linker stubs

.v4_bx          0x08004a28        0x0
 .v4_bx         0x08004a28        0x0 linker stubs

.iplt           0x08004a28        0x0
 .iplt          0x08004a28        0x0 d:/program files (x86)/gnu arm embedded toolchain/10 2021.10/bin/../lib/gcc/arm-none-eabi/10.3.1/thumb/v7-m/nofp/crtbegin.o

.rodata         0x08004a28     0x2cb4
                0x08004a28                . = ALIGN (0x4)
 *(.rodata)
 .rodata        0x08004a28        0xc CMakeFiles/CLionSTM32Demo.elf.dir/Hardware/src/DS18B20.c.obj
 *(.rodata*)
 .rodata.Font11x18
                0x08004a34      0xd5c CMakeFiles/CLionSTM32Demo.elf.dir/Hardware/src/SSD1306_Fonts.c.obj
                0x08004a34                Font11x18
 .rodata.Font16x26
                0x08005790     0x134c CMakeFiles/CLionSTM32Demo.elf.dir/Hardware/src/SSD1306_Fonts.c.obj
                0x08005790                Font16x26
 .rodata.Font7x10
                0x08006adc      0x76c CMakeFiles/CLionSTM32Demo.elf.dir/Hardware/src/SSD1306_Fonts.c.obj
                0x08006adc                Font7x10
 .rodata.Clock_GetAdvice.str1.4
                0x08007248       0x1e CMakeFiles/CLionSTM32Demo.elf.dir/User/src/Clock.c.obj
 *fill*         0x08007266        0x2 
 .rodata.HomePage_FlashHomepage.str1.4
                0x08007268       0x2a CMakeFiles/CLionSTM32Demo.elf.dir/User/src/HomePage.c.obj
                                 0x32 (size before relaxing)
 *fill*         0x08007292        0x2 
 .rodata.str1.4
                0x08007294       0x26 CMakeFiles/CLionSTM32Demo.elf.dir/User/src/HomePage.c.obj
 *fill*         0x080072ba        0x2 
 .rodata._global_impure_ptr
                0x080072bc        0x4 d:/program files (x86)/gnu arm embedded toolchain/10 2021.10/bin/../lib/gcc/arm-none-eabi/10.3.1/../../../../arm-none-eabi/lib/thumb/v7-m/nofp\libg_nano.a(lib_a-impure.o)
                0x080072bc                _global_impure_ptr
 .rodata._printf_float.str1.1
                0x080072c0       0x12 d:/program files (x86)/gnu arm embedded toolchain/10 2021.10/bin/../lib/gcc/arm-none-eabi/10.3.1/../../../../arm-none-eabi/lib/thumb/v7-m/nofp\libg_nano.a(lib_a-nano-vfprintf_float.o)
 .rodata._printf_i.str1.1
                0x080072d2       0x22 d:/program files (x86)/gnu arm embedded toolchain/10 2021.10/bin/../lib/gcc/arm-none-eabi/10.3.1/../../../../arm-none-eabi/lib/thumb/v7-m/nofp\libg_nano.a(lib_a-nano-vfprintf_i.o)
 .rodata._dtoa_r.str1.1
                0x080072f4       0xb3 d:/program files (x86)/gnu arm embedded toolchain/10 2021.10/bin/../lib/gcc/arm-none-eabi/10.3.1/../../../../arm-none-eabi/lib/thumb/v7-m/nofp\libg_nano.a(lib_a-dtoa.o)
                                 0xb5 (size before relaxing)
 .rodata._Balloc.str1.1
                0x080073a7       0x7f d:/program files (x86)/gnu arm embedded toolchain/10 2021.10/bin/../lib/gcc/arm-none-eabi/10.3.1/../../../../arm-none-eabi/lib/thumb/v7-m/nofp\libg_nano.a(lib_a-mprec.o)
                                 0x96 (size before relaxing)
 .rodata.__multadd.str1.1
                0x08007426       0x11 d:/program files (x86)/gnu arm embedded toolchain/10 2021.10/bin/../lib/gcc/arm-none-eabi/10.3.1/../../../../arm-none-eabi/lib/thumb/v7-m/nofp\libg_nano.a(lib_a-mprec.o)
 *fill*         0x08007426        0x2 
 .rodata.__mprec_bigtens
                0x08007428       0x28 d:/program files (x86)/gnu arm embedded toolchain/10 2021.10/bin/../lib/gcc/arm-none-eabi/10.3.1/../../../../arm-none-eabi/lib/thumb/v7-m/nofp\libg_nano.a(lib_a-mprec.o)
                0x08007428                __mprec_bigtens
 .rodata.__mprec_tens
                0x08007450       0xc8 d:/program files (x86)/gnu arm embedded toolchain/10 2021.10/bin/../lib/gcc/arm-none-eabi/10.3.1/../../../../arm-none-eabi/lib/thumb/v7-m/nofp\libg_nano.a(lib_a-mprec.o)
                0x08007450                __mprec_tens
 .rodata.p05.0  0x08007518        0xc d:/program files (x86)/gnu arm embedded toolchain/10 2021.10/bin/../lib/gcc/arm-none-eabi/10.3.1/../../../../arm-none-eabi/lib/thumb/v7-m/nofp\libg_nano.a(lib_a-mprec.o)
 .rodata._svfprintf_r.str1.1
                0x08007524       0x11 d:/program files (x86)/gnu arm embedded toolchain/10 2021.10/bin/../lib/gcc/arm-none-eabi/10.3.1/../../../../arm-none-eabi/lib/thumb/v7-m/nofp\libg_nano.a(lib_a-nano-svfprintf.o)
 .rodata.__assert_func.str1.1
                0x08007535       0x3c d:/program files (x86)/gnu arm embedded toolchain/10 2021.10/bin/../lib/gcc/arm-none-eabi/10.3.1/../../../../arm-none-eabi/lib/thumb/v7-m/nofp\libg_nano.a(lib_a-assert.o)
                                 0x3d (size before relaxing)
 .rodata._setlocale_r.str1.1
                0x08007571        0x8 d:/program files (x86)/gnu arm embedded toolchain/10 2021.10/bin/../lib/gcc/arm-none-eabi/10.3.1/../../../../arm-none-eabi/lib/thumb/v7-m/nofp\libg_nano.a(lib_a-locale.o)
                                  0x9 (size before relaxing)
 .rodata.str1.1
                0x08007579        0x2 d:/program files (x86)/gnu arm embedded toolchain/10 2021.10/bin/../lib/gcc/arm-none-eabi/10.3.1/../../../../arm-none-eabi/lib/thumb/v7-m/nofp\libg_nano.a(lib_a-locale.o)
 .rodata._vfprintf_r.str1.1
                0x0800757b       0x11 d:/program files (x86)/gnu arm embedded toolchain/10 2021.10/bin/../lib/gcc/arm-none-eabi/10.3.1/../../../../arm-none-eabi/lib/thumb/v7-m/nofp\libg_nano.a(lib_a-nano-vfprintf.o)
 .rodata._ctype_
                0x0800757b      0x101 d:/program files (x86)/gnu arm embedded toolchain/10 2021.10/bin/../lib/gcc/arm-none-eabi/10.3.1/../../../../arm-none-eabi/lib/thumb/v7-m/nofp\libg_nano.a(lib_a-ctype_.o)
                0x0800757b                _ctype_
 .rodata.__sf_fake_stderr
                0x0800767c       0x20 d:/program files (x86)/gnu arm embedded toolchain/10 2021.10/bin/../lib/gcc/arm-none-eabi/10.3.1/../../../../arm-none-eabi/lib/thumb/v7-m/nofp\libg_nano.a(lib_a-findfp.o)
                0x0800767c                __sf_fake_stderr
 .rodata.__sf_fake_stdin
                0x0800769c       0x20 d:/program files (x86)/gnu arm embedded toolchain/10 2021.10/bin/../lib/gcc/arm-none-eabi/10.3.1/../../../../arm-none-eabi/lib/thumb/v7-m/nofp\libg_nano.a(lib_a-findfp.o)
                0x0800769c                __sf_fake_stdin
 .rodata.__sf_fake_stdout
                0x080076bc       0x20 d:/program files (x86)/gnu arm embedded toolchain/10 2021.10/bin/../lib/gcc/arm-none-eabi/10.3.1/../../../../arm-none-eabi/lib/thumb/v7-m/nofp\libg_nano.a(lib_a-findfp.o)
                0x080076bc                __sf_fake_stdout
                0x080076dc                . = ALIGN (0x4)

.rel.dyn        0x080076dc        0x0
 .rel.iplt      0x080076dc        0x0 d:/program files (x86)/gnu arm embedded toolchain/10 2021.10/bin/../lib/gcc/arm-none-eabi/10.3.1/thumb/v7-m/nofp/crtbegin.o

.ARM.extab
 *(.ARM.extab* .gnu.linkonce.armextab.*)

.ARM            0x080076dc        0x0
                0x080076dc                __exidx_start = .
 *(.ARM.exidx*)
                0x080076dc                __exidx_end = .

.preinit_array  0x080076dc        0x0
                0x080076dc                PROVIDE (__preinit_array_start = .)
 *(.preinit_array*)
                0x080076dc                PROVIDE (__preinit_array_end = .)

.init_array     0x080076dc        0x4
                0x080076dc                PROVIDE (__init_array_start = .)
 *(SORT_BY_NAME(.init_array.*))
 *(.init_array*)
 .init_array    0x080076dc        0x4 d:/program files (x86)/gnu arm embedded toolchain/10 2021.10/bin/../lib/gcc/arm-none-eabi/10.3.1/thumb/v7-m/nofp/crtbegin.o
                0x080076e0                PROVIDE (__init_array_end = .)

.fini_array     0x080076e0        0x4
                [!provide]                PROVIDE (__fini_array_start = .)
 *(SORT_BY_NAME(.fini_array.*))
 *(.fini_array*)
 .fini_array    0x080076e0        0x4 d:/program files (x86)/gnu arm embedded toolchain/10 2021.10/bin/../lib/gcc/arm-none-eabi/10.3.1/thumb/v7-m/nofp/crtbegin.o
                [!provide]                PROVIDE (__fini_array_end = .)
                0x080076e4                _sidata = LOADADDR (.data)

.data           0x20000000      0x208 load address 0x080076e4
                0x20000000                . = ALIGN (0x4)
                0x20000000                _sdata = .
 *(.data)
 *(.data*)
 .data.DS1302_Time
                0x20000000        0x8 CMakeFiles/CLionSTM32Demo.elf.dir/Hardware/src/DS1302.c.obj
                0x20000000                DS1302_Time
 .data.Font_11x18
                0x20000008        0x8 CMakeFiles/CLionSTM32Demo.elf.dir/Hardware/src/SSD1306_Fonts.c.obj
                0x20000008                Font_11x18
 .data.Font_16x26
                0x20000010        0x8 CMakeFiles/CLionSTM32Demo.elf.dir/Hardware/src/SSD1306_Fonts.c.obj
                0x20000010                Font_16x26
 .data.Font_7x10
                0x20000018        0x8 CMakeFiles/CLionSTM32Demo.elf.dir/Hardware/src/SSD1306_Fonts.c.obj
                0x20000018                Font_7x10
 .data.Kaomoji  0x20000020       0x18 CMakeFiles/CLionSTM32Demo.elf.dir/User/src/HomePage.c.obj
                0x20000020                Kaomoji
 .data._impure_ptr
                0x20000038        0x4 d:/program files (x86)/gnu arm embedded toolchain/10 2021.10/bin/../lib/gcc/arm-none-eabi/10.3.1/../../../../arm-none-eabi/lib/thumb/v7-m/nofp\libg_nano.a(lib_a-impure.o)
                0x20000038                _impure_ptr
 .data.impure_data
                0x2000003c       0x60 d:/program files (x86)/gnu arm embedded toolchain/10 2021.10/bin/../lib/gcc/arm-none-eabi/10.3.1/../../../../arm-none-eabi/lib/thumb/v7-m/nofp\libg_nano.a(lib_a-impure.o)
 .data.__global_locale
                0x2000009c      0x16c d:/program files (x86)/gnu arm embedded toolchain/10 2021.10/bin/../lib/gcc/arm-none-eabi/10.3.1/../../../../arm-none-eabi/lib/thumb/v7-m/nofp\libg_nano.a(lib_a-locale.o)
                0x2000009c                __global_locale
                0x20000208                . = ALIGN (0x4)
                0x20000208                _edata = .

.igot.plt       0x20000208        0x0 load address 0x080078ec
 .igot.plt      0x20000208        0x0 d:/program files (x86)/gnu arm embedded toolchain/10 2021.10/bin/../lib/gcc/arm-none-eabi/10.3.1/thumb/v7-m/nofp/crtbegin.o
                0x20000208                . = ALIGN (0x4)

.bss            0x20000208      0x454 load address 0x080078ec
                0x20000208                _sbss = .
                0x20000208                __bss_start__ = _sbss
 *(.bss)
 .bss           0x20000208       0x1c d:/program files (x86)/gnu arm embedded toolchain/10 2021.10/bin/../lib/gcc/arm-none-eabi/10.3.1/thumb/v7-m/nofp/crtbegin.o
 *(.bss*)
 .bss.SSD1306   0x20000224        0x6 CMakeFiles/CLionSTM32Demo.elf.dir/Hardware/src/SSD1306.c.obj
 *fill*         0x2000022a        0x2 
 .bss.SSD1306_Buffer
                0x2000022c      0x400 CMakeFiles/CLionSTM32Demo.elf.dir/Hardware/src/SSD1306.c.obj
 .bss.Clock_Advice
                0x2000062c        0x4 CMakeFiles/CLionSTM32Demo.elf.dir/User/src/Clock.c.obj
                0x2000062c                Clock_Advice
 .bss.Clock_BirthDay_Alysia
                0x20000630        0x2 CMakeFiles/CLionSTM32Demo.elf.dir/User/src/Clock.c.obj
                0x20000630                Clock_BirthDay_Alysia
 *fill*         0x20000632        0x2 
 .bss.Clock_BirthDay_Me
                0x20000634        0x2 CMakeFiles/CLionSTM32Demo.elf.dir/User/src/Clock.c.obj
                0x20000634                Clock_BirthDay_Me
 .bss.Clock_Day
                0x20000636        0x1 CMakeFiles/CLionSTM32Demo.elf.dir/User/src/Clock.c.obj
                0x20000636                Clock_Day
 *fill*         0x20000637        0x1 
 .bss.Clock_GetUpTime
                0x20000638        0x2 CMakeFiles/CLionSTM32Demo.elf.dir/User/src/Clock.c.obj
                0x20000638                Clock_GetUpTime
 .bss.Clock_Hour
                0x2000063a        0x1 CMakeFiles/CLionSTM32Demo.elf.dir/User/src/Clock.c.obj
                0x2000063a                Clock_Hour
 .bss.Clock_Minute
                0x2000063b        0x1 CMakeFiles/CLionSTM32Demo.elf.dir/User/src/Clock.c.obj
                0x2000063b                Clock_Minute
 .bss.Clock_Month
                0x2000063c        0x1 CMakeFiles/CLionSTM32Demo.elf.dir/User/src/Clock.c.obj
                0x2000063c                Clock_Month
 .bss.Clock_Season
                0x2000063d        0x1 CMakeFiles/CLionSTM32Demo.elf.dir/User/src/Clock.c.obj
                0x2000063d                Clock_Season
 .bss.Clock_Second
                0x2000063e        0x1 CMakeFiles/CLionSTM32Demo.elf.dir/User/src/Clock.c.obj
                0x2000063e                Clock_Second
 *fill*         0x2000063f        0x1 
 .bss.Clock_SleepTime
                0x20000640        0x2 CMakeFiles/CLionSTM32Demo.elf.dir/User/src/Clock.c.obj
                0x20000640                Clock_SleepTime
 .bss.Clock_TimeOfDay
                0x20000642        0x1 CMakeFiles/CLionSTM32Demo.elf.dir/User/src/Clock.c.obj
                0x20000642                Clock_TimeOfDay
 .bss.Clock_Week
                0x20000643        0x1 CMakeFiles/CLionSTM32Demo.elf.dir/User/src/Clock.c.obj
                0x20000643                Clock_Week
 .bss.Clock_Year
                0x20000644        0x1 CMakeFiles/CLionSTM32Demo.elf.dir/User/src/Clock.c.obj
                0x20000644                Clock_Year
 *fill*         0x20000645        0x3 
 .bss.__malloc_free_list
                0x20000648        0x4 d:/program files (x86)/gnu arm embedded toolchain/10 2021.10/bin/../lib/gcc/arm-none-eabi/10.3.1/../../../../arm-none-eabi/lib/thumb/v7-m/nofp\libg_nano.a(lib_a-nano-mallocr.o)
                0x20000648                __malloc_free_list
 .bss.__malloc_sbrk_start
                0x2000064c        0x4 d:/program files (x86)/gnu arm embedded toolchain/10 2021.10/bin/../lib/gcc/arm-none-eabi/10.3.1/../../../../arm-none-eabi/lib/thumb/v7-m/nofp\libg_nano.a(lib_a-nano-mallocr.o)
                0x2000064c                __malloc_sbrk_start
 .bss.errno     0x20000650        0x4 d:/program files (x86)/gnu arm embedded toolchain/10 2021.10/bin/../lib/gcc/arm-none-eabi/10.3.1/../../../../arm-none-eabi/lib/thumb/v7-m/nofp\libg_nano.a(lib_a-reent.o)
                0x20000650                errno
 .bss.__lock___malloc_recursive_mutex
                0x20000654        0x1 d:/program files (x86)/gnu arm embedded toolchain/10 2021.10/bin/../lib/gcc/arm-none-eabi/10.3.1/../../../../arm-none-eabi/lib/thumb/v7-m/nofp\libg_nano.a(lib_a-lock.o)
                0x20000654                __lock___malloc_recursive_mutex
 .bss.__lock___sfp_recursive_mutex
                0x20000655        0x1 d:/program files (x86)/gnu arm embedded toolchain/10 2021.10/bin/../lib/gcc/arm-none-eabi/10.3.1/../../../../arm-none-eabi/lib/thumb/v7-m/nofp\libg_nano.a(lib_a-lock.o)
                0x20000655                __lock___sfp_recursive_mutex
 .bss.__lock___sinit_recursive_mutex
                0x20000656        0x1 d:/program files (x86)/gnu arm embedded toolchain/10 2021.10/bin/../lib/gcc/arm-none-eabi/10.3.1/../../../../arm-none-eabi/lib/thumb/v7-m/nofp\libg_nano.a(lib_a-lock.o)
                0x20000656                __lock___sinit_recursive_mutex
 *fill*         0x20000657        0x1 
 .bss.heap_end.0
                0x20000658        0x4 d:/program files (x86)/gnu arm embedded toolchain/10 2021.10/bin/../lib/gcc/arm-none-eabi/10.3.1/../../../../arm-none-eabi/lib/thumb/v7-m/nofp\libnosys.a(sbrk.o)
 *(COMMON)
                0x2000065c                . = ALIGN (0x4)
                0x2000065c                _ebss = .
                0x2000065c                __bss_end__ = _ebss

._user_heap_stack
                0x2000065c      0x604 load address 0x080078ec
                0x20000660                . = ALIGN (0x8)
 *fill*         0x2000065c        0x4 
                0x20000660                PROVIDE (end = .)
                [!provide]                PROVIDE (_end = .)
                0x20000860                . = (. + _Min_Heap_Size)
 *fill*         0x20000660      0x200 
                0x20000c60                . = (. + _Min_Stack_Size)
 *fill*         0x20000860      0x400 
                0x20000c60                . = ALIGN (0x8)

/DISCARD/
 libc.a(*)
 libm.a(*)
 libgcc.a(*)

.ARM.attributes
                0x00000000       0x29
 *(.ARM.attributes)
 .ARM.attributes
                0x00000000       0x1d d:/program files (x86)/gnu arm embedded toolchain/10 2021.10/bin/../lib/gcc/arm-none-eabi/10.3.1/thumb/v7-m/nofp/crti.o
 .ARM.attributes
                0x0000001d       0x2d d:/program files (x86)/gnu arm embedded toolchain/10 2021.10/bin/../lib/gcc/arm-none-eabi/10.3.1/thumb/v7-m/nofp/crtbegin.o
 .ARM.attributes
                0x0000004a       0x2d CMakeFiles/CLionSTM32Demo.elf.dir/Hardware/src/DS1302.c.obj
 .ARM.attributes
                0x00000077       0x2d CMakeFiles/CLionSTM32Demo.elf.dir/Hardware/src/DS18B20.c.obj
 .ARM.attributes
                0x000000a4       0x2d CMakeFiles/CLionSTM32Demo.elf.dir/Hardware/src/SSD1306.c.obj
 .ARM.attributes
                0x000000d1       0x2d CMakeFiles/CLionSTM32Demo.elf.dir/Hardware/src/SSD1306_Fonts.c.obj
 .ARM.attributes
                0x000000fe       0x2d CMakeFiles/CLionSTM32Demo.elf.dir/STM32F10x_FWLib/src/stm32f10x_gpio.c.obj
 .ARM.attributes
                0x0000012b       0x2d CMakeFiles/CLionSTM32Demo.elf.dir/STM32F10x_FWLib/src/stm32f10x_rcc.c.obj
 .ARM.attributes
                0x00000158       0x2d CMakeFiles/CLionSTM32Demo.elf.dir/STM32F10x_FWLib/src/system_stm32f10x.c.obj
 .ARM.attributes
                0x00000185       0x2d CMakeFiles/CLionSTM32Demo.elf.dir/System/src/Delay.c.obj
 .ARM.attributes
                0x000001b2       0x2d CMakeFiles/CLionSTM32Demo.elf.dir/User/src/Clock.c.obj
 .ARM.attributes
                0x000001df       0x2d CMakeFiles/CLionSTM32Demo.elf.dir/User/src/HomePage.c.obj
 .ARM.attributes
                0x0000020c       0x2d CMakeFiles/CLionSTM32Demo.elf.dir/User/src/mian.c.obj
 .ARM.attributes
                0x00000239       0x21 CMakeFiles/CLionSTM32Demo.elf.dir/Startup/startup_stm32f103xb.s.obj
 .ARM.attributes
                0x0000025a       0x1d d:/program files (x86)/gnu arm embedded toolchain/10 2021.10/bin/../lib/gcc/arm-none-eabi/10.3.1/thumb/v7-m/nofp\libgcc.a(_arm_addsubdf3.o)
 .ARM.attributes
                0x00000277       0x1d d:/program files (x86)/gnu arm embedded toolchain/10 2021.10/bin/../lib/gcc/arm-none-eabi/10.3.1/thumb/v7-m/nofp\libgcc.a(_arm_truncdfsf2.o)
 .ARM.attributes
                0x00000294       0x1d d:/program files (x86)/gnu arm embedded toolchain/10 2021.10/bin/../lib/gcc/arm-none-eabi/10.3.1/thumb/v7-m/nofp\libgcc.a(_arm_fixunssfsi.o)
 .ARM.attributes
                0x000002b1       0x2d d:/program files (x86)/gnu arm embedded toolchain/10 2021.10/bin/../lib/gcc/arm-none-eabi/10.3.1/../../../../arm-none-eabi/lib/thumb/v7-m/nofp\libg_nano.a(lib_a-impure.o)
 .ARM.attributes
                0x000002de       0x2d d:/program files (x86)/gnu arm embedded toolchain/10 2021.10/bin/../lib/gcc/arm-none-eabi/10.3.1/../../../../arm-none-eabi/lib/thumb/v7-m/nofp\libg_nano.a(lib_a-init.o)
 .ARM.attributes
                0x0000030b       0x2d d:/program files (x86)/gnu arm embedded toolchain/10 2021.10/bin/../lib/gcc/arm-none-eabi/10.3.1/../../../../arm-none-eabi/lib/thumb/v7-m/nofp\libg_nano.a(lib_a-memset.o)
 .ARM.attributes
                0x00000338       0x2d d:/program files (x86)/gnu arm embedded toolchain/10 2021.10/bin/../lib/gcc/arm-none-eabi/10.3.1/../../../../arm-none-eabi/lib/thumb/v7-m/nofp\libg_nano.a(lib_a-nano-vfprintf_float.o)
 .ARM.attributes
                0x00000365       0x2d d:/program files (x86)/gnu arm embedded toolchain/10 2021.10/bin/../lib/gcc/arm-none-eabi/10.3.1/../../../../arm-none-eabi/lib/thumb/v7-m/nofp\libg_nano.a(lib_a-nano-vfprintf_i.o)
 .ARM.attributes
                0x00000392       0x2d d:/program files (x86)/gnu arm embedded toolchain/10 2021.10/bin/../lib/gcc/arm-none-eabi/10.3.1/../../../../arm-none-eabi/lib/thumb/v7-m/nofp\libg_nano.a(lib_a-sprintf.o)
 .ARM.attributes
                0x000003bf       0x17 d:/program files (x86)/gnu arm embedded toolchain/10 2021.10/bin/../lib/gcc/arm-none-eabi/10.3.1/../../../../arm-none-eabi/lib/thumb/v7-m/nofp\libg_nano.a(lib_a-strlen.o)
 .ARM.attributes
                0x000003d6       0x2d d:/program files (x86)/gnu arm embedded toolchain/10 2021.10/bin/../lib/gcc/arm-none-eabi/10.3.1/../../../../arm-none-eabi/lib/thumb/v7-m/nofp\libg_nano.a(lib_a-dtoa.o)
 .ARM.attributes
                0x00000403       0x2d d:/program files (x86)/gnu arm embedded toolchain/10 2021.10/bin/../lib/gcc/arm-none-eabi/10.3.1/../../../../arm-none-eabi/lib/thumb/v7-m/nofp\libg_nano.a(lib_a-localeconv.o)
 .ARM.attributes
                0x00000430       0x2d d:/program files (x86)/gnu arm embedded toolchain/10 2021.10/bin/../lib/gcc/arm-none-eabi/10.3.1/../../../../arm-none-eabi/lib/thumb/v7-m/nofp\libg_nano.a(lib_a-malloc.o)
 .ARM.attributes
                0x0000045d       0x2d d:/program files (x86)/gnu arm embedded toolchain/10 2021.10/bin/../lib/gcc/arm-none-eabi/10.3.1/../../../../arm-none-eabi/lib/thumb/v7-m/nofp\libg_nano.a(lib_a-memchr-stub.o)
 .ARM.attributes
                0x0000048a       0x2d d:/program files (x86)/gnu arm embedded toolchain/10 2021.10/bin/../lib/gcc/arm-none-eabi/10.3.1/../../../../arm-none-eabi/lib/thumb/v7-m/nofp\libg_nano.a(lib_a-memcpy-stub.o)
 .ARM.attributes
                0x000004b7       0x2d d:/program files (x86)/gnu arm embedded toolchain/10 2021.10/bin/../lib/gcc/arm-none-eabi/10.3.1/../../../../arm-none-eabi/lib/thumb/v7-m/nofp\libg_nano.a(lib_a-mprec.o)
 .ARM.attributes
                0x000004e4       0x2d d:/program files (x86)/gnu arm embedded toolchain/10 2021.10/bin/../lib/gcc/arm-none-eabi/10.3.1/../../../../arm-none-eabi/lib/thumb/v7-m/nofp\libg_nano.a(lib_a-nano-callocr.o)
 .ARM.attributes
                0x00000511       0x2d d:/program files (x86)/gnu arm embedded toolchain/10 2021.10/bin/../lib/gcc/arm-none-eabi/10.3.1/../../../../arm-none-eabi/lib/thumb/v7-m/nofp\libg_nano.a(lib_a-nano-freer.o)
 .ARM.attributes
                0x0000053e       0x2d d:/program files (x86)/gnu arm embedded toolchain/10 2021.10/bin/../lib/gcc/arm-none-eabi/10.3.1/../../../../arm-none-eabi/lib/thumb/v7-m/nofp\libg_nano.a(lib_a-nano-mallocr.o)
 .ARM.attributes
                0x0000056b       0x2d d:/program files (x86)/gnu arm embedded toolchain/10 2021.10/bin/../lib/gcc/arm-none-eabi/10.3.1/../../../../arm-none-eabi/lib/thumb/v7-m/nofp\libg_nano.a(lib_a-nano-svfprintf.o)
 .ARM.attributes
                0x00000598       0x2d d:/program files (x86)/gnu arm embedded toolchain/10 2021.10/bin/../lib/gcc/arm-none-eabi/10.3.1/../../../../arm-none-eabi/lib/thumb/v7-m/nofp\libg_nano.a(lib_a-sbrkr.o)
 .ARM.attributes
                0x000005c5       0x2d d:/program files (x86)/gnu arm embedded toolchain/10 2021.10/bin/../lib/gcc/arm-none-eabi/10.3.1/../../../../arm-none-eabi/lib/thumb/v7-m/nofp\libg_nano.a(lib_a-assert.o)
 .ARM.attributes
                0x000005f2       0x2d d:/program files (x86)/gnu arm embedded toolchain/10 2021.10/bin/../lib/gcc/arm-none-eabi/10.3.1/../../../../arm-none-eabi/lib/thumb/v7-m/nofp\libg_nano.a(lib_a-fprintf.o)
 .ARM.attributes
                0x0000061f       0x2d d:/program files (x86)/gnu arm embedded toolchain/10 2021.10/bin/../lib/gcc/arm-none-eabi/10.3.1/../../../../arm-none-eabi/lib/thumb/v7-m/nofp\libg_nano.a(lib_a-locale.o)
 .ARM.attributes
                0x0000064c       0x2d d:/program files (x86)/gnu arm embedded toolchain/10 2021.10/bin/../lib/gcc/arm-none-eabi/10.3.1/../../../../arm-none-eabi/lib/thumb/v7-m/nofp\libg_nano.a(lib_a-mbtowc_r.o)
 .ARM.attributes
                0x00000679       0x2d d:/program files (x86)/gnu arm embedded toolchain/10 2021.10/bin/../lib/gcc/arm-none-eabi/10.3.1/../../../../arm-none-eabi/lib/thumb/v7-m/nofp\libg_nano.a(lib_a-memmove.o)
 .ARM.attributes
                0x000006a6       0x2d d:/program files (x86)/gnu arm embedded toolchain/10 2021.10/bin/../lib/gcc/arm-none-eabi/10.3.1/../../../../arm-none-eabi/lib/thumb/v7-m/nofp\libg_nano.a(lib_a-mlock.o)
 .ARM.attributes
                0x000006d3       0x2d d:/program files (x86)/gnu arm embedded toolchain/10 2021.10/bin/../lib/gcc/arm-none-eabi/10.3.1/../../../../arm-none-eabi/lib/thumb/v7-m/nofp\libg_nano.a(lib_a-nano-reallocr.o)
 .ARM.attributes
                0x00000700       0x2d d:/program files (x86)/gnu arm embedded toolchain/10 2021.10/bin/../lib/gcc/arm-none-eabi/10.3.1/../../../../arm-none-eabi/lib/thumb/v7-m/nofp\libg_nano.a(lib_a-nano-vfprintf.o)
 .ARM.attributes
                0x0000072d       0x2d d:/program files (x86)/gnu arm embedded toolchain/10 2021.10/bin/../lib/gcc/arm-none-eabi/10.3.1/../../../../arm-none-eabi/lib/thumb/v7-m/nofp\libg_nano.a(lib_a-reent.o)
 .ARM.attributes
                0x0000075a       0x2d d:/program files (x86)/gnu arm embedded toolchain/10 2021.10/bin/../lib/gcc/arm-none-eabi/10.3.1/../../../../arm-none-eabi/lib/thumb/v7-m/nofp\libg_nano.a(lib_a-wbuf.o)
 .ARM.attributes
                0x00000787       0x2d d:/program files (x86)/gnu arm embedded toolchain/10 2021.10/bin/../lib/gcc/arm-none-eabi/10.3.1/../../../../arm-none-eabi/lib/thumb/v7-m/nofp\libg_nano.a(lib_a-wctomb_r.o)
 .ARM.attributes
                0x000007b4       0x2d d:/program files (x86)/gnu arm embedded toolchain/10 2021.10/bin/../lib/gcc/arm-none-eabi/10.3.1/../../../../arm-none-eabi/lib/thumb/v7-m/nofp\libg_nano.a(lib_a-wsetup.o)
 .ARM.attributes
                0x000007e1       0x2d d:/program files (x86)/gnu arm embedded toolchain/10 2021.10/bin/../lib/gcc/arm-none-eabi/10.3.1/../../../../arm-none-eabi/lib/thumb/v7-m/nofp\libg_nano.a(lib_a-abort.o)
 .ARM.attributes
                0x0000080e       0x2d d:/program files (x86)/gnu arm embedded toolchain/10 2021.10/bin/../lib/gcc/arm-none-eabi/10.3.1/../../../../arm-none-eabi/lib/thumb/v7-m/nofp\libg_nano.a(lib_a-ctype_.o)
 .ARM.attributes
                0x0000083b       0x2d d:/program files (x86)/gnu arm embedded toolchain/10 2021.10/bin/../lib/gcc/arm-none-eabi/10.3.1/../../../../arm-none-eabi/lib/thumb/v7-m/nofp\libg_nano.a(lib_a-fflush.o)
 .ARM.attributes
                0x00000868       0x2d d:/program files (x86)/gnu arm embedded toolchain/10 2021.10/bin/../lib/gcc/arm-none-eabi/10.3.1/../../../../arm-none-eabi/lib/thumb/v7-m/nofp\libg_nano.a(lib_a-findfp.o)
 .ARM.attributes
                0x00000895       0x2d d:/program files (x86)/gnu arm embedded toolchain/10 2021.10/bin/../lib/gcc/arm-none-eabi/10.3.1/../../../../arm-none-eabi/lib/thumb/v7-m/nofp\libg_nano.a(lib_a-fwalk.o)
 .ARM.attributes
                0x000008c2       0x2d d:/program files (x86)/gnu arm embedded toolchain/10 2021.10/bin/../lib/gcc/arm-none-eabi/10.3.1/../../../../arm-none-eabi/lib/thumb/v7-m/nofp\libg_nano.a(lib_a-lock.o)
 .ARM.attributes
                0x000008ef       0x2d d:/program files (x86)/gnu arm embedded toolchain/10 2021.10/bin/../lib/gcc/arm-none-eabi/10.3.1/../../../../arm-none-eabi/lib/thumb/v7-m/nofp\libg_nano.a(lib_a-makebuf.o)
 .ARM.attributes
                0x0000091c       0x2d d:/program files (x86)/gnu arm embedded toolchain/10 2021.10/bin/../lib/gcc/arm-none-eabi/10.3.1/../../../../arm-none-eabi/lib/thumb/v7-m/nofp\libg_nano.a(lib_a-nano-msizer.o)
 .ARM.attributes
                0x00000949       0x2d d:/program files (x86)/gnu arm embedded toolchain/10 2021.10/bin/../lib/gcc/arm-none-eabi/10.3.1/../../../../arm-none-eabi/lib/thumb/v7-m/nofp\libg_nano.a(lib_a-signal.o)
 .ARM.attributes
                0x00000976       0x2d d:/program files (x86)/gnu arm embedded toolchain/10 2021.10/bin/../lib/gcc/arm-none-eabi/10.3.1/../../../../arm-none-eabi/lib/thumb/v7-m/nofp\libg_nano.a(lib_a-signalr.o)
 .ARM.attributes
                0x000009a3       0x2d d:/program files (x86)/gnu arm embedded toolchain/10 2021.10/bin/../lib/gcc/arm-none-eabi/10.3.1/../../../../arm-none-eabi/lib/thumb/v7-m/nofp\libg_nano.a(lib_a-stdio.o)
 .ARM.attributes
                0x000009d0       0x2d d:/program files (x86)/gnu arm embedded toolchain/10 2021.10/bin/../lib/gcc/arm-none-eabi/10.3.1/../../../../arm-none-eabi/lib/thumb/v7-m/nofp\libg_nano.a(lib_a-writer.o)
 .ARM.attributes
                0x000009fd       0x2d d:/program files (x86)/gnu arm embedded toolchain/10 2021.10/bin/../lib/gcc/arm-none-eabi/10.3.1/../../../../arm-none-eabi/lib/thumb/v7-m/nofp\libg_nano.a(lib_a-closer.o)
 .ARM.attributes
                0x00000a2a       0x2d d:/program files (x86)/gnu arm embedded toolchain/10 2021.10/bin/../lib/gcc/arm-none-eabi/10.3.1/../../../../arm-none-eabi/lib/thumb/v7-m/nofp\libg_nano.a(lib_a-fstatr.o)
 .ARM.attributes
                0x00000a57       0x2d d:/program files (x86)/gnu arm embedded toolchain/10 2021.10/bin/../lib/gcc/arm-none-eabi/10.3.1/../../../../arm-none-eabi/lib/thumb/v7-m/nofp\libg_nano.a(lib_a-isattyr.o)
 .ARM.attributes
                0x00000a84       0x2d d:/program files (x86)/gnu arm embedded toolchain/10 2021.10/bin/../lib/gcc/arm-none-eabi/10.3.1/../../../../arm-none-eabi/lib/thumb/v7-m/nofp\libg_nano.a(lib_a-lseekr.o)
 .ARM.attributes
                0x00000ab1       0x2d d:/program files (x86)/gnu arm embedded toolchain/10 2021.10/bin/../lib/gcc/arm-none-eabi/10.3.1/../../../../arm-none-eabi/lib/thumb/v7-m/nofp\libg_nano.a(lib_a-readr.o)
 .ARM.attributes
                0x00000ade       0x1d d:/program files (x86)/gnu arm embedded toolchain/10 2021.10/bin/../lib/gcc/arm-none-eabi/10.3.1/thumb/v7-m/nofp\libgcc.a(_arm_muldivdf3.o)
 .ARM.attributes
                0x00000afb       0x1d d:/program files (x86)/gnu arm embedded toolchain/10 2021.10/bin/../lib/gcc/arm-none-eabi/10.3.1/thumb/v7-m/nofp\libgcc.a(_arm_cmpdf2.o)
 .ARM.attributes
                0x00000b18       0x1d d:/program files (x86)/gnu arm embedded toolchain/10 2021.10/bin/../lib/gcc/arm-none-eabi/10.3.1/thumb/v7-m/nofp\libgcc.a(_arm_unorddf2.o)
 .ARM.attributes
                0x00000b35       0x1d d:/program files (x86)/gnu arm embedded toolchain/10 2021.10/bin/../lib/gcc/arm-none-eabi/10.3.1/thumb/v7-m/nofp\libgcc.a(_arm_fixdfsi.o)
 .ARM.attributes
                0x00000b52       0x2d d:/program files (x86)/gnu arm embedded toolchain/10 2021.10/bin/../lib/gcc/arm-none-eabi/10.3.1/../../../../arm-none-eabi/lib/thumb/v7-m/nofp\libnosys.a(close.o)
 .ARM.attributes
                0x00000b7f       0x2d d:/program files (x86)/gnu arm embedded toolchain/10 2021.10/bin/../lib/gcc/arm-none-eabi/10.3.1/../../../../arm-none-eabi/lib/thumb/v7-m/nofp\libnosys.a(fstat.o)
 .ARM.attributes
                0x00000bac       0x2d d:/program files (x86)/gnu arm embedded toolchain/10 2021.10/bin/../lib/gcc/arm-none-eabi/10.3.1/../../../../arm-none-eabi/lib/thumb/v7-m/nofp\libnosys.a(getpid.o)
 .ARM.attributes
                0x00000bd9       0x2d d:/program files (x86)/gnu arm embedded toolchain/10 2021.10/bin/../lib/gcc/arm-none-eabi/10.3.1/../../../../arm-none-eabi/lib/thumb/v7-m/nofp\libnosys.a(isatty.o)
 .ARM.attributes
                0x00000c06       0x2d d:/program files (x86)/gnu arm embedded toolchain/10 2021.10/bin/../lib/gcc/arm-none-eabi/10.3.1/../../../../arm-none-eabi/lib/thumb/v7-m/nofp\libnosys.a(kill.o)
 .ARM.attributes
                0x00000c33       0x2d d:/program files (x86)/gnu arm embedded toolchain/10 2021.10/bin/../lib/gcc/arm-none-eabi/10.3.1/../../../../arm-none-eabi/lib/thumb/v7-m/nofp\libnosys.a(lseek.o)
 .ARM.attributes
                0x00000c60       0x2d d:/program files (x86)/gnu arm embedded toolchain/10 2021.10/bin/../lib/gcc/arm-none-eabi/10.3.1/../../../../arm-none-eabi/lib/thumb/v7-m/nofp\libnosys.a(read.o)
 .ARM.attributes
                0x00000c8d       0x2d d:/program files (x86)/gnu arm embedded toolchain/10 2021.10/bin/../lib/gcc/arm-none-eabi/10.3.1/../../../../arm-none-eabi/lib/thumb/v7-m/nofp\libnosys.a(sbrk.o)
 .ARM.attributes
                0x00000cba       0x2d d:/program files (x86)/gnu arm embedded toolchain/10 2021.10/bin/../lib/gcc/arm-none-eabi/10.3.1/../../../../arm-none-eabi/lib/thumb/v7-m/nofp\libnosys.a(write.o)
 .ARM.attributes
                0x00000ce7       0x2d d:/program files (x86)/gnu arm embedded toolchain/10 2021.10/bin/../lib/gcc/arm-none-eabi/10.3.1/../../../../arm-none-eabi/lib/thumb/v7-m/nofp\libnosys.a(_exit.o)
 .ARM.attributes
                0x00000d14       0x1d d:/program files (x86)/gnu arm embedded toolchain/10 2021.10/bin/../lib/gcc/arm-none-eabi/10.3.1/thumb/v7-m/nofp/crtn.o
OUTPUT(CLionSTM32Demo.elf elf32-littlearm)
LOAD linker stubs
LOAD d:/program files (x86)/gnu arm embedded toolchain/10 2021.10/bin/../lib/gcc/arm-none-eabi/10.3.1/../../../../arm-none-eabi/lib/thumb/v7-m/nofp\libc.a
LOAD d:/program files (x86)/gnu arm embedded toolchain/10 2021.10/bin/../lib/gcc/arm-none-eabi/10.3.1/../../../../arm-none-eabi/lib/thumb/v7-m/nofp\libm.a
LOAD d:/program files (x86)/gnu arm embedded toolchain/10 2021.10/bin/../lib/gcc/arm-none-eabi/10.3.1/thumb/v7-m/nofp\libgcc.a

.debug_info     0x00000000     0x55f7
 .debug_info    0x00000000      0x913 CMakeFiles/CLionSTM32Demo.elf.dir/Hardware/src/DS1302.c.obj
 .debug_info    0x00000913      0x756 CMakeFiles/CLionSTM32Demo.elf.dir/Hardware/src/DS18B20.c.obj
 .debug_info    0x00001069     0x20e6 CMakeFiles/CLionSTM32Demo.elf.dir/Hardware/src/SSD1306.c.obj
 .debug_info    0x0000314f      0x274 CMakeFiles/CLionSTM32Demo.elf.dir/Hardware/src/SSD1306_Fonts.c.obj
 .debug_info    0x000033c3      0x91e CMakeFiles/CLionSTM32Demo.elf.dir/STM32F10x_FWLib/src/stm32f10x_gpio.c.obj
 .debug_info    0x00003ce1      0x97f CMakeFiles/CLionSTM32Demo.elf.dir/STM32F10x_FWLib/src/stm32f10x_rcc.c.obj
 .debug_info    0x00004660      0x49c CMakeFiles/CLionSTM32Demo.elf.dir/STM32F10x_FWLib/src/system_stm32f10x.c.obj
 .debug_info    0x00004afc      0x17c CMakeFiles/CLionSTM32Demo.elf.dir/System/src/Delay.c.obj
 .debug_info    0x00004c78      0x3c2 CMakeFiles/CLionSTM32Demo.elf.dir/User/src/Clock.c.obj
 .debug_info    0x0000503a      0x4b9 CMakeFiles/CLionSTM32Demo.elf.dir/User/src/HomePage.c.obj
 .debug_info    0x000054f3       0xe2 CMakeFiles/CLionSTM32Demo.elf.dir/User/src/mian.c.obj
 .debug_info    0x000055d5       0x22 CMakeFiles/CLionSTM32Demo.elf.dir/Startup/startup_stm32f103xb.s.obj

.debug_abbrev   0x00000000     0x11ae
 .debug_abbrev  0x00000000      0x200 CMakeFiles/CLionSTM32Demo.elf.dir/Hardware/src/DS1302.c.obj
 .debug_abbrev  0x00000200      0x202 CMakeFiles/CLionSTM32Demo.elf.dir/Hardware/src/DS18B20.c.obj
 .debug_abbrev  0x00000402      0x2e1 CMakeFiles/CLionSTM32Demo.elf.dir/Hardware/src/SSD1306.c.obj
 .debug_abbrev  0x000006e3      0x120 CMakeFiles/CLionSTM32Demo.elf.dir/Hardware/src/SSD1306_Fonts.c.obj
 .debug_abbrev  0x00000803      0x220 CMakeFiles/CLionSTM32Demo.elf.dir/STM32F10x_FWLib/src/stm32f10x_gpio.c.obj
 .debug_abbrev  0x00000a23      0x204 CMakeFiles/CLionSTM32Demo.elf.dir/STM32F10x_FWLib/src/stm32f10x_rcc.c.obj
 .debug_abbrev  0x00000c27      0x1b8 CMakeFiles/CLionSTM32Demo.elf.dir/STM32F10x_FWLib/src/system_stm32f10x.c.obj
 .debug_abbrev  0x00000ddf       0xe8 CMakeFiles/CLionSTM32Demo.elf.dir/System/src/Delay.c.obj
 .debug_abbrev  0x00000ec7      0x12f CMakeFiles/CLionSTM32Demo.elf.dir/User/src/Clock.c.obj
 .debug_abbrev  0x00000ff6      0x142 CMakeFiles/CLionSTM32Demo.elf.dir/User/src/HomePage.c.obj
 .debug_abbrev  0x00001138       0x64 CMakeFiles/CLionSTM32Demo.elf.dir/User/src/mian.c.obj
 .debug_abbrev  0x0000119c       0x12 CMakeFiles/CLionSTM32Demo.elf.dir/Startup/startup_stm32f103xb.s.obj

.debug_loc      0x00000000     0x257c
 .debug_loc     0x00000000      0x1b4 CMakeFiles/CLionSTM32Demo.elf.dir/Hardware/src/DS1302.c.obj
 .debug_loc     0x000001b4      0x16c CMakeFiles/CLionSTM32Demo.elf.dir/Hardware/src/DS18B20.c.obj
 .debug_loc     0x00000320     0x13c2 CMakeFiles/CLionSTM32Demo.elf.dir/Hardware/src/SSD1306.c.obj
 .debug_loc     0x000016e2       0x69 CMakeFiles/CLionSTM32Demo.elf.dir/Hardware/src/SSD1306_Fonts.c.obj
 .debug_loc     0x0000174b      0x62c CMakeFiles/CLionSTM32Demo.elf.dir/STM32F10x_FWLib/src/stm32f10x_gpio.c.obj
 .debug_loc     0x00001d77      0x654 CMakeFiles/CLionSTM32Demo.elf.dir/STM32F10x_FWLib/src/stm32f10x_rcc.c.obj
 .debug_loc     0x000023cb       0xff CMakeFiles/CLionSTM32Demo.elf.dir/STM32F10x_FWLib/src/system_stm32f10x.c.obj
 .debug_loc     0x000024ca       0x9d CMakeFiles/CLionSTM32Demo.elf.dir/System/src/Delay.c.obj
 .debug_loc     0x00002567       0x15 CMakeFiles/CLionSTM32Demo.elf.dir/User/src/HomePage.c.obj

.debug_aranges  0x00000000      0x518
 .debug_aranges
                0x00000000       0x70 CMakeFiles/CLionSTM32Demo.elf.dir/Hardware/src/DS1302.c.obj
 .debug_aranges
                0x00000070       0x68 CMakeFiles/CLionSTM32Demo.elf.dir/Hardware/src/DS18B20.c.obj
 .debug_aranges
                0x000000d8      0x110 CMakeFiles/CLionSTM32Demo.elf.dir/Hardware/src/SSD1306.c.obj
 .debug_aranges
                0x000001e8       0x20 CMakeFiles/CLionSTM32Demo.elf.dir/Hardware/src/SSD1306_Fonts.c.obj
 .debug_aranges
                0x00000208       0xa8 CMakeFiles/CLionSTM32Demo.elf.dir/STM32F10x_FWLib/src/stm32f10x_gpio.c.obj
 .debug_aranges
                0x000002b0      0x118 CMakeFiles/CLionSTM32Demo.elf.dir/STM32F10x_FWLib/src/stm32f10x_rcc.c.obj
 .debug_aranges
                0x000003c8       0x38 CMakeFiles/CLionSTM32Demo.elf.dir/STM32F10x_FWLib/src/system_stm32f10x.c.obj
 .debug_aranges
                0x00000400       0x30 CMakeFiles/CLionSTM32Demo.elf.dir/System/src/Delay.c.obj
 .debug_aranges
                0x00000430       0x70 CMakeFiles/CLionSTM32Demo.elf.dir/User/src/Clock.c.obj
 .debug_aranges
                0x000004a0       0x30 CMakeFiles/CLionSTM32Demo.elf.dir/User/src/HomePage.c.obj
 .debug_aranges
                0x000004d0       0x20 CMakeFiles/CLionSTM32Demo.elf.dir/User/src/mian.c.obj
 .debug_aranges
                0x000004f0       0x28 CMakeFiles/CLionSTM32Demo.elf.dir/Startup/startup_stm32f103xb.s.obj

.debug_ranges   0x00000000      0x498
 .debug_ranges  0x00000000       0x60 CMakeFiles/CLionSTM32Demo.elf.dir/Hardware/src/DS1302.c.obj
 .debug_ranges  0x00000060       0x58 CMakeFiles/CLionSTM32Demo.elf.dir/Hardware/src/DS18B20.c.obj
 .debug_ranges  0x000000b8      0x138 CMakeFiles/CLionSTM32Demo.elf.dir/Hardware/src/SSD1306.c.obj
 .debug_ranges  0x000001f0       0x10 CMakeFiles/CLionSTM32Demo.elf.dir/Hardware/src/SSD1306_Fonts.c.obj
 .debug_ranges  0x00000200       0x98 CMakeFiles/CLionSTM32Demo.elf.dir/STM32F10x_FWLib/src/stm32f10x_gpio.c.obj
 .debug_ranges  0x00000298      0x108 CMakeFiles/CLionSTM32Demo.elf.dir/STM32F10x_FWLib/src/stm32f10x_rcc.c.obj
 .debug_ranges  0x000003a0       0x28 CMakeFiles/CLionSTM32Demo.elf.dir/STM32F10x_FWLib/src/system_stm32f10x.c.obj
 .debug_ranges  0x000003c8       0x20 CMakeFiles/CLionSTM32Demo.elf.dir/System/src/Delay.c.obj
 .debug_ranges  0x000003e8       0x60 CMakeFiles/CLionSTM32Demo.elf.dir/User/src/Clock.c.obj
 .debug_ranges  0x00000448       0x20 CMakeFiles/CLionSTM32Demo.elf.dir/User/src/HomePage.c.obj
 .debug_ranges  0x00000468       0x10 CMakeFiles/CLionSTM32Demo.elf.dir/User/src/mian.c.obj
 .debug_ranges  0x00000478       0x20 CMakeFiles/CLionSTM32Demo.elf.dir/Startup/startup_stm32f103xb.s.obj

.debug_line     0x00000000     0x3c3a
 .debug_line    0x00000000      0x5cc CMakeFiles/CLionSTM32Demo.elf.dir/Hardware/src/DS1302.c.obj
 .debug_line    0x000005cc      0x44f CMakeFiles/CLionSTM32Demo.elf.dir/Hardware/src/DS18B20.c.obj
 .debug_line    0x00000a1b      0xe63 CMakeFiles/CLionSTM32Demo.elf.dir/Hardware/src/SSD1306.c.obj
 .debug_line    0x0000187e      0x25f CMakeFiles/CLionSTM32Demo.elf.dir/Hardware/src/SSD1306_Fonts.c.obj
 .debug_line    0x00001add      0x73e CMakeFiles/CLionSTM32Demo.elf.dir/STM32F10x_FWLib/src/stm32f10x_gpio.c.obj
 .debug_line    0x0000221b      0x8ec CMakeFiles/CLionSTM32Demo.elf.dir/STM32F10x_FWLib/src/stm32f10x_rcc.c.obj
 .debug_line    0x00002b07      0x46f CMakeFiles/CLionSTM32Demo.elf.dir/STM32F10x_FWLib/src/system_stm32f10x.c.obj
 .debug_line    0x00002f76      0x27a CMakeFiles/CLionSTM32Demo.elf.dir/System/src/Delay.c.obj
 .debug_line    0x000031f0      0x55a CMakeFiles/CLionSTM32Demo.elf.dir/User/src/Clock.c.obj
 .debug_line    0x0000374a      0x30c CMakeFiles/CLionSTM32Demo.elf.dir/User/src/HomePage.c.obj
 .debug_line    0x00003a56      0x119 CMakeFiles/CLionSTM32Demo.elf.dir/User/src/mian.c.obj
 .debug_line    0x00003b6f       0xcb CMakeFiles/CLionSTM32Demo.elf.dir/Startup/startup_stm32f103xb.s.obj

.debug_str      0x00000000     0x1785
 .debug_str     0x00000000      0x45a CMakeFiles/CLionSTM32Demo.elf.dir/Hardware/src/DS1302.c.obj
                                0x4ae (size before relaxing)
 .debug_str     0x0000045a      0x192 CMakeFiles/CLionSTM32Demo.elf.dir/Hardware/src/DS18B20.c.obj
                                0x4f8 (size before relaxing)
 .debug_str     0x000005ec      0x424 CMakeFiles/CLionSTM32Demo.elf.dir/Hardware/src/SSD1306.c.obj
                                0x778 (size before relaxing)
 .debug_str     0x00000a10       0xe2 CMakeFiles/CLionSTM32Demo.elf.dir/Hardware/src/SSD1306_Fonts.c.obj
                                0x2f1 (size before relaxing)
 .debug_str     0x00000af2      0x265 CMakeFiles/CLionSTM32Demo.elf.dir/STM32F10x_FWLib/src/stm32f10x_gpio.c.obj
                                0x5e9 (size before relaxing)
 .debug_str     0x00000d57      0x455 CMakeFiles/CLionSTM32Demo.elf.dir/STM32F10x_FWLib/src/stm32f10x_rcc.c.obj
                                0x6d3 (size before relaxing)
 .debug_str     0x000011ac      0x134 CMakeFiles/CLionSTM32Demo.elf.dir/STM32F10x_FWLib/src/system_stm32f10x.c.obj
                                0x399 (size before relaxing)
 .debug_str     0x000012e0       0x8f CMakeFiles/CLionSTM32Demo.elf.dir/System/src/Delay.c.obj
                                0x254 (size before relaxing)
 .debug_str     0x0000136f      0x27f CMakeFiles/CLionSTM32Demo.elf.dir/User/src/Clock.c.obj
                                0x462 (size before relaxing)
 .debug_str     0x000015ee       0xba CMakeFiles/CLionSTM32Demo.elf.dir/User/src/HomePage.c.obj
                                0x3b8 (size before relaxing)
 .debug_str     0x000016a8       0x63 CMakeFiles/CLionSTM32Demo.elf.dir/User/src/mian.c.obj
                                0x242 (size before relaxing)
 .debug_str     0x0000170b       0x7a CMakeFiles/CLionSTM32Demo.elf.dir/Startup/startup_stm32f103xb.s.obj
                                 0xda (size before relaxing)

.comment        0x00000000       0x49
 .comment       0x00000000       0x49 CMakeFiles/CLionSTM32Demo.elf.dir/Hardware/src/DS1302.c.obj
                                 0x4a (size before relaxing)
 .comment       0x00000049       0x4a CMakeFiles/CLionSTM32Demo.elf.dir/Hardware/src/DS18B20.c.obj
 .comment       0x00000049       0x4a CMakeFiles/CLionSTM32Demo.elf.dir/Hardware/src/SSD1306.c.obj
 .comment       0x00000049       0x4a CMakeFiles/CLionSTM32Demo.elf.dir/Hardware/src/SSD1306_Fonts.c.obj
 .comment       0x00000049       0x4a CMakeFiles/CLionSTM32Demo.elf.dir/STM32F10x_FWLib/src/stm32f10x_gpio.c.obj
 .comment       0x00000049       0x4a CMakeFiles/CLionSTM32Demo.elf.dir/STM32F10x_FWLib/src/stm32f10x_rcc.c.obj
 .comment       0x00000049       0x4a CMakeFiles/CLionSTM32Demo.elf.dir/STM32F10x_FWLib/src/system_stm32f10x.c.obj
 .comment       0x00000049       0x4a CMakeFiles/CLionSTM32Demo.elf.dir/System/src/Delay.c.obj
 .comment       0x00000049       0x4a CMakeFiles/CLionSTM32Demo.elf.dir/User/src/Clock.c.obj
 .comment       0x00000049       0x4a CMakeFiles/CLionSTM32Demo.elf.dir/User/src/HomePage.c.obj
 .comment       0x00000049       0x4a CMakeFiles/CLionSTM32Demo.elf.dir/User/src/mian.c.obj

.debug_frame    0x00000000     0x1f5c
 .debug_frame   0x00000000      0x138 CMakeFiles/CLionSTM32Demo.elf.dir/Hardware/src/DS1302.c.obj
 .debug_frame   0x00000138      0x11c CMakeFiles/CLionSTM32Demo.elf.dir/Hardware/src/DS18B20.c.obj
 .debug_frame   0x00000254      0x3b8 CMakeFiles/CLionSTM32Demo.elf.dir/Hardware/src/SSD1306.c.obj
 .debug_frame   0x0000060c       0x2c CMakeFiles/CLionSTM32Demo.elf.dir/Hardware/src/SSD1306_Fonts.c.obj
 .debug_frame   0x00000638      0x160 CMakeFiles/CLionSTM32Demo.elf.dir/STM32F10x_FWLib/src/stm32f10x_gpio.c.obj
 .debug_frame   0x00000798      0x228 CMakeFiles/CLionSTM32Demo.elf.dir/STM32F10x_FWLib/src/stm32f10x_rcc.c.obj
 .debug_frame   0x000009c0       0x6c CMakeFiles/CLionSTM32Demo.elf.dir/STM32F10x_FWLib/src/system_stm32f10x.c.obj
 .debug_frame   0x00000a2c       0x50 CMakeFiles/CLionSTM32Demo.elf.dir/System/src/Delay.c.obj
 .debug_frame   0x00000a7c       0xd8 CMakeFiles/CLionSTM32Demo.elf.dir/User/src/Clock.c.obj
 .debug_frame   0x00000b54       0x60 CMakeFiles/CLionSTM32Demo.elf.dir/User/src/HomePage.c.obj
 .debug_frame   0x00000bb4       0x28 CMakeFiles/CLionSTM32Demo.elf.dir/User/src/mian.c.obj
 .debug_frame   0x00000bdc       0xac d:/program files (x86)/gnu arm embedded toolchain/10 2021.10/bin/../lib/gcc/arm-none-eabi/10.3.1/thumb/v7-m/nofp\libgcc.a(_arm_addsubdf3.o)
 .debug_frame   0x00000c88       0x24 d:/program files (x86)/gnu arm embedded toolchain/10 2021.10/bin/../lib/gcc/arm-none-eabi/10.3.1/thumb/v7-m/nofp\libgcc.a(_arm_truncdfsf2.o)